Archive member included because of file (symbol)

c:/ac6/systemworkbench/plugins/fr.ac6.mcu.externaltools.arm-none.win32_1.3.0.201507241045/tools/compiler/bin/../lib/gcc/arm-none-eabi/4.9.3/armv7-m\libgcc.a(_lshrdi3.o)
                              Drivers/STM32F1xx_HAL_Driver/stm32f1xx_hal_flash.o (__aeabi_llsr)
c:/ac6/systemworkbench/plugins/fr.ac6.mcu.externaltools.arm-none.win32_1.3.0.201507241045/tools/compiler/bin/../lib/gcc/arm-none-eabi/4.9.3/../../../../arm-none-eabi/lib/armv7-m\libc_nano.a(lib_a-exit.o)
                              c:/ac6/systemworkbench/plugins/fr.ac6.mcu.externaltools.arm-none.win32_1.3.0.201507241045/tools/compiler/bin/../lib/gcc/arm-none-eabi/4.9.3/../../../../arm-none-eabi/lib/armv7-m/crt0.o (exit)
c:/ac6/systemworkbench/plugins/fr.ac6.mcu.externaltools.arm-none.win32_1.3.0.201507241045/tools/compiler/bin/../lib/gcc/arm-none-eabi/4.9.3/../../../../arm-none-eabi/lib/armv7-m\libc_nano.a(lib_a-impure.o)
                              c:/ac6/systemworkbench/plugins/fr.ac6.mcu.externaltools.arm-none.win32_1.3.0.201507241045/tools/compiler/bin/../lib/gcc/arm-none-eabi/4.9.3/../../../../arm-none-eabi/lib/armv7-m\libc_nano.a(lib_a-exit.o) (_global_impure_ptr)
c:/ac6/systemworkbench/plugins/fr.ac6.mcu.externaltools.arm-none.win32_1.3.0.201507241045/tools/compiler/bin/../lib/gcc/arm-none-eabi/4.9.3/../../../../arm-none-eabi/lib/armv7-m\libc_nano.a(lib_a-init.o)
                              c:/ac6/systemworkbench/plugins/fr.ac6.mcu.externaltools.arm-none.win32_1.3.0.201507241045/tools/compiler/bin/../lib/gcc/arm-none-eabi/4.9.3/../../../../arm-none-eabi/lib/armv7-m/crt0.o (__libc_init_array)
c:/ac6/systemworkbench/plugins/fr.ac6.mcu.externaltools.arm-none.win32_1.3.0.201507241045/tools/compiler/bin/../lib/gcc/arm-none-eabi/4.9.3/../../../../arm-none-eabi/lib/armv7-m\libc_nano.a(lib_a-memset.o)
                              c:/ac6/systemworkbench/plugins/fr.ac6.mcu.externaltools.arm-none.win32_1.3.0.201507241045/tools/compiler/bin/../lib/gcc/arm-none-eabi/4.9.3/../../../../arm-none-eabi/lib/armv7-m/crt0.o (memset)
c:/ac6/systemworkbench/plugins/fr.ac6.mcu.externaltools.arm-none.win32_1.3.0.201507241045/tools/compiler/bin/../lib/gcc/arm-none-eabi/4.9.3/../../../../arm-none-eabi/lib/armv7-m\libnosys.a(_exit.o)
                              c:/ac6/systemworkbench/plugins/fr.ac6.mcu.externaltools.arm-none.win32_1.3.0.201507241045/tools/compiler/bin/../lib/gcc/arm-none-eabi/4.9.3/../../../../arm-none-eabi/lib/armv7-m\libc_nano.a(lib_a-exit.o) (_exit)

Allocating common symbols
Common symbol       size              file

KD                  0x4               Application/User/main.o
I2                  0x4               Application/User/main.o
ACC_READ            0x4               Application/User/main.o
PHI_READ            0x4               Application/User/main.o
Ve0                 0x4               Application/User/main.o
CTRL_d              0x4               Application/User/main.o
Ia                  0x4               Application/User/main.o
I_Iq                0x4               Application/User/main.o
htim4               0x3c              Application/User/tim.o
KP                  0x4               Application/User/main.o
D_Iq                0x4               Application/User/main.o
R_Id                0x4               Application/User/main.o
DEBUG_3             0x4               Application/User/main.o
K_RATE              0x4               Application/User/main.o
I_Id                0x4               Application/User/main.o
pFlash              0x20              Drivers/STM32F1xx_HAL_Driver/stm32f1xx_hal_flash.o
Id                  0x4               Application/User/main.o
AMP_OUT             0x4               Application/User/main.o
E_Iq                0x4               Application/User/main.o
htim3               0x3c              Application/User/tim.o
I1                  0x4               Application/User/main.o
T_MAX               0x4               Application/User/main.o
Veq                 0x4               Application/User/main.o
CTRL_q              0x4               Application/User/main.o
KMIX                0x4               Application/User/main.o
Ve_PHI              0x4               Application/User/main.o
DEBUG_2             0x4               Application/User/main.o
ADC_DATA            0x6               Application/User/main.o
hadc1               0x30              Application/User/adc.o
D_Id                0x4               Application/User/main.o
Ib                  0x4               Application/User/main.o
huart1              0x40              Application/User/usart.o
I3                  0x4               Application/User/main.o
PHI_OUT             0x4               Application/User/main.o
hdma_adc1           0x38              Application/User/adc.o
DEBUG_1             0x4               Application/User/main.o
Ve1                 0x4               Application/User/main.o
htim1               0x3c              Application/User/tim.o
[...]
Memory Configuration

Name             Origin             Length             Attributes
FLASH            0x08000000         0x00020000         xr
RAM              0x20000000         0x00005000         xrw
*default*        0x00000000         0xffffffff

Linker script and memory map

LOAD c:/ac6/systemworkbench/plugins/fr.ac6.mcu.externaltools.arm-none.win32_1.3.0.201507241045/tools/compiler/bin/../lib/gcc/arm-none-eabi/4.9.3/armv7-m/crti.o
LOAD c:/ac6/systemworkbench/plugins/fr.ac6.mcu.externaltools.arm-none.win32_1.3.0.201507241045/tools/compiler/bin/../lib/gcc/arm-none-eabi/4.9.3/armv7-m/crtbegin.o
LOAD c:/ac6/systemworkbench/plugins/fr.ac6.mcu.externaltools.arm-none.win32_1.3.0.201507241045/tools/compiler/bin/../lib/gcc/arm-none-eabi/4.9.3/../../../../arm-none-eabi/lib/armv7-m/crt0.o
LOAD c:/ac6/systemworkbench/plugins/fr.ac6.mcu.externaltools.arm-none.win32_1.3.0.201507241045/tools/compiler/bin/../lib/gcc/arm-none-eabi/4.9.3/../../../../arm-none-eabi/lib/armv7-m\libm.a
LOAD Drivers/STM32F1xx_HAL_Driver/stm32f1xx_hal.o
LOAD Drivers/STM32F1xx_HAL_Driver/stm32f1xx_hal_adc.o
LOAD Drivers/STM32F1xx_HAL_Driver/stm32f1xx_hal_adc_ex.o
LOAD Drivers/STM32F1xx_HAL_Driver/stm32f1xx_hal_cortex.o
LOAD Drivers/STM32F1xx_HAL_Driver/stm32f1xx_hal_dma.o
LOAD Drivers/STM32F1xx_HAL_Driver/stm32f1xx_hal_flash.o
LOAD Drivers/STM32F1xx_HAL_Driver/stm32f1xx_hal_flash_ex.o
LOAD Drivers/STM32F1xx_HAL_Driver/stm32f1xx_hal_gpio.o
LOAD Drivers/STM32F1xx_HAL_Driver/stm32f1xx_hal_gpio_ex.o
LOAD Drivers/STM32F1xx_HAL_Driver/stm32f1xx_hal_pwr.o
LOAD Drivers/STM32F1xx_HAL_Driver/stm32f1xx_hal_rcc.o
LOAD Drivers/STM32F1xx_HAL_Driver/stm32f1xx_hal_rcc_ex.o
LOAD Drivers/STM32F1xx_HAL_Driver/stm32f1xx_hal_spi.o
LOAD Drivers/STM32F1xx_HAL_Driver/stm32f1xx_hal_spi_ex.o
LOAD Drivers/STM32F1xx_HAL_Driver/stm32f1xx_hal_tim.o
LOAD Drivers/STM32F1xx_HAL_Driver/stm32f1xx_hal_tim_ex.o
LOAD Drivers/STM32F1xx_HAL_Driver/stm32f1xx_hal_uart.o
LOAD Drivers/CMSIS/system_stm32f1xx.o
LOAD Application/User/adc.o
LOAD Application/User/dma.o
LOAD Application/User/gpio.o
LOAD Application/User/main.o
LOAD Application/User/spi.o
LOAD Application/User/stm32f1xx_hal_msp.o
LOAD Application/User/stm32f1xx_it.o
LOAD Application/User/tim.o
LOAD Application/User/usart.o
LOAD Application/SW4STM32/startup_stm32f103xb.o
START GROUP
LOAD c:/ac6/systemworkbench/plugins/fr.ac6.mcu.externaltools.arm-none.win32_1.3.0.201507241045/tools/compiler/bin/../lib/gcc/arm-none-eabi/4.9.3/armv7-m\libgcc.a
LOAD c:/ac6/systemworkbench/plugins/fr.ac6.mcu.externaltools.arm-none.win32_1.3.0.201507241045/tools/compiler/bin/../lib/gcc/arm-none-eabi/4.9.3/../../../../arm-none-eabi/lib/armv7-m\libc_nano.a
END GROUP
START GROUP
LOAD c:/ac6/systemworkbench/plugins/fr.ac6.mcu.externaltools.arm-none.win32_1.3.0.201507241045/tools/compiler/bin/../lib/gcc/arm-none-eabi/4.9.3/armv7-m\libgcc.a
LOAD c:/ac6/systemworkbench/plugins/fr.ac6.mcu.externaltools.arm-none.win32_1.3.0.201507241045/tools/compiler/bin/../lib/gcc/arm-none-eabi/4.9.3/../../../../arm-none-eabi/lib/armv7-m\libc_nano.a
LOAD c:/ac6/systemworkbench/plugins/fr.ac6.mcu.externaltools.arm-none.win32_1.3.0.201507241045/tools/compiler/bin/../lib/gcc/arm-none-eabi/4.9.3/../../../../arm-none-eabi/lib/armv7-m\libnosys.a
END GROUP
START GROUP
LOAD c:/ac6/systemworkbench/plugins/fr.ac6.mcu.externaltools.arm-none.win32_1.3.0.201507241045/tools/compiler/bin/../lib/gcc/arm-none-eabi/4.9.3/armv7-m\libgcc.a
LOAD c:/ac6/systemworkbench/plugins/fr.ac6.mcu.externaltools.arm-none.win32_1.3.0.201507241045/tools/compiler/bin/../lib/gcc/arm-none-eabi/4.9.3/../../../../arm-none-eabi/lib/armv7-m\libc_nano.a
LOAD c:/ac6/systemworkbench/plugins/fr.ac6.mcu.externaltools.arm-none.win32_1.3.0.201507241045/tools/compiler/bin/../lib/gcc/arm-none-eabi/4.9.3/../../../../arm-none-eabi/lib/armv7-m\libnosys.a
END GROUP
LOAD c:/ac6/systemworkbench/plugins/fr.ac6.mcu.externaltools.arm-none.win32_1.3.0.201507241045/tools/compiler/bin/../lib/gcc/arm-none-eabi/4.9.3/armv7-m/crtend.o
LOAD c:/ac6/systemworkbench/plugins/fr.ac6.mcu.externaltools.arm-none.win32_1.3.0.201507241045/tools/compiler/bin/../lib/gcc/arm-none-eabi/4.9.3/armv7-m/crtn.o
                0x20005000                _estack = 0x20005000
                0x00000200                _Min_Heap_Size = 0x200
                0x00000400                _Min_Stack_Size = 0x400

.isr_vector     0x08000000      0x10c
                0x08000000                . = ALIGN (0x4)
 *(.isr_vector)
 .isr_vector    0x08000000      0x10c Application/SW4STM32/startup_stm32f103xb.o
                0x08000000                g_pfnVectors
                0x0800010c                . = ALIGN (0x4)

.text           0x0800010c     0x3148
                0x0800010c                . = ALIGN (0x4)
 *(.text)
 .text          0x0800010c       0x5c c:/ac6/systemworkbench/plugins/fr.ac6.mcu.externaltools.arm-none.win32_1.3.0.201507241045/tools/compiler/bin/../lib/gcc/arm-none-eabi/4.9.3/armv7-m/crtbegin.o
 *(.text*)
 .text.HAL_InitTick
                0x08000168       0x24 Drivers/STM32F1xx_HAL_Driver/stm32f1xx_hal.o
                0x08000168                HAL_InitTick
 .text.HAL_Init
                0x0800018c       0x24 Drivers/STM32F1xx_HAL_Driver/stm32f1xx_hal.o
                0x0800018c                HAL_Init
 .text.HAL_IncTick
                0x080001b0       0x10 Drivers/STM32F1xx_HAL_Driver/stm32f1xx_hal.o
                0x080001b0                HAL_IncTick
 .text.HAL_GetTick
                0x080001c0        0xc Drivers/STM32F1xx_HAL_Driver/stm32f1xx_hal.o
                0x080001c0                HAL_GetTick
 .text.HAL_Delay
                0x080001cc       0x1a Drivers/STM32F1xx_HAL_Driver/stm32f1xx_hal.o
                0x080001cc                HAL_Delay
 .text.HAL_ADC_ConvCpltCallback
                0x080001e6        0x2 Drivers/STM32F1xx_HAL_Driver/stm32f1xx_hal_adc.o
                0x080001e6                HAL_ADC_ConvCpltCallback
 .text.ADC_DMAConvCplt
                0x080001e8       0x4e Drivers/STM32F1xx_HAL_Driver/stm32f1xx_hal_adc.o
                0x080001e8                ADC_DMAConvCplt
 .text.HAL_ADC_ConvHalfCpltCallback
                0x08000236        0x2 Drivers/STM32F1xx_HAL_Driver/stm32f1xx_hal_adc.o
                0x08000236                HAL_ADC_ConvHalfCpltCallback
 .text.ADC_DMAHalfConvCplt
                0x08000238        0xa Drivers/STM32F1xx_HAL_Driver/stm32f1xx_hal_adc.o
                0x08000238                ADC_DMAHalfConvCplt
 .text.HAL_ADC_ErrorCallback
                0x08000242        0x2 Drivers/STM32F1xx_HAL_Driver/stm32f1xx_hal_adc.o
                0x08000242                HAL_ADC_ErrorCallback
 .text.ADC_DMAError
                0x08000244       0x1a Drivers/STM32F1xx_HAL_Driver/stm32f1xx_hal_adc.o
                0x08000244                ADC_DMAError
 *fill*         0x0800025e        0x2 
 .text.HAL_ADC_ConfigChannel
                0x08000260      0x178 Drivers/STM32F1xx_HAL_Driver/stm32f1xx_hal_adc.o
                0x08000260                HAL_ADC_ConfigChannel
 .text.ADC_Enable
                0x080003d8       0x70 Drivers/STM32F1xx_HAL_Driver/stm32f1xx_hal_adc.o
                0x080003d8                ADC_Enable
 .text.HAL_ADC_Start_DMA
                0x08000448      0x118 Drivers/STM32F1xx_HAL_Driver/stm32f1xx_hal_adc.o
                0x08000448                HAL_ADC_Start_DMA
 .text.ADC_ConversionStop_Disable
                0x08000560       0x44 Drivers/STM32F1xx_HAL_Driver/stm32f1xx_hal_adc.o
                0x08000560                ADC_ConversionStop_Disable
 .text.HAL_ADC_Init
                0x080005a4      0x124 Drivers/STM32F1xx_HAL_Driver/stm32f1xx_hal_adc.o
                0x080005a4                HAL_ADC_Init
 .text.HAL_ADCEx_Calibration_Start
                0x080006c8       0xd0 Drivers/STM32F1xx_HAL_Driver/stm32f1xx_hal_adc_ex.o
                0x080006c8                HAL_ADCEx_Calibration_Start
 .text.HAL_NVIC_SetPriorityGrouping
                0x08000798       0x24 Drivers/STM32F1xx_HAL_Driver/stm32f1xx_hal_cortex.o
                0x08000798                HAL_NVIC_SetPriorityGrouping
 .text.HAL_NVIC_SetPriority
                0x080007bc       0x60 Drivers/STM32F1xx_HAL_Driver/stm32f1xx_hal_cortex.o
                0x080007bc                HAL_NVIC_SetPriority
 .text.HAL_NVIC_EnableIRQ
                0x0800081c       0x18 Drivers/STM32F1xx_HAL_Driver/stm32f1xx_hal_cortex.o
                0x0800081c                HAL_NVIC_EnableIRQ
 .text.HAL_SYSTICK_Config
                0x08000834       0x2c Drivers/STM32F1xx_HAL_Driver/stm32f1xx_hal_cortex.o
                0x08000834                HAL_SYSTICK_Config
 .text.HAL_SYSTICK_CLKSourceConfig
                0x08000860       0x18 Drivers/STM32F1xx_HAL_Driver/stm32f1xx_hal_cortex.o
                0x08000860                HAL_SYSTICK_CLKSourceConfig
 .text.HAL_SYSTICK_Callback
                0x08000878        0x2 Drivers/STM32F1xx_HAL_Driver/stm32f1xx_hal_cortex.o
                0x08000878                HAL_SYSTICK_Callback
 .text.HAL_SYSTICK_IRQHandler
                0x0800087a        0x8 Drivers/STM32F1xx_HAL_Driver/stm32f1xx_hal_cortex.o
                0x0800087a                HAL_SYSTICK_IRQHandler
 .text.HAL_DMA_Init
                0x08000882       0x4a Drivers/STM32F1xx_HAL_Driver/stm32f1xx_hal_dma.o
                0x08000882                HAL_DMA_Init
 .text.HAL_DMA_Start_IT
                0x080008cc       0x5a Drivers/STM32F1xx_HAL_Driver/stm32f1xx_hal_dma.o
                0x080008cc                HAL_DMA_Start_IT
 *fill*         0x08000926        0x2 
 .text.HAL_DMA_IRQHandler
                0x08000928      0x254 Drivers/STM32F1xx_HAL_Driver/stm32f1xx_hal_dma.o
                0x08000928                HAL_DMA_IRQHandler
 .text.HAL_GPIO_Init
                0x08000b7c      0x18c Drivers/STM32F1xx_HAL_Driver/stm32f1xx_hal_gpio.o
                0x08000b7c                HAL_GPIO_Init
 .text.HAL_GPIO_WritePin
                0x08000d08        0x8 Drivers/STM32F1xx_HAL_Driver/stm32f1xx_hal_gpio.o
                0x08000d08                HAL_GPIO_WritePin
 .text.HAL_GPIO_EXTI_IRQHandler
                0x08000d10       0x18 Drivers/STM32F1xx_HAL_Driver/stm32f1xx_hal_gpio.o
                0x08000d10                HAL_GPIO_EXTI_IRQHandler
 .text.HAL_RCC_OscConfig
                0x08000d28      0x560 Drivers/STM32F1xx_HAL_Driver/stm32f1xx_hal_rcc.o
                0x08000d28                HAL_RCC_OscConfig
 .text.HAL_RCC_ClockConfig
                0x08001288      0x1f0 Drivers/STM32F1xx_HAL_Driver/stm32f1xx_hal_rcc.o
                0x08001288                HAL_RCC_ClockConfig
 .text.HAL_RCC_GetSysClockFreq
                0x08001478       0x9c Drivers/STM32F1xx_HAL_Driver/stm32f1xx_hal_rcc.o
                0x08001478                HAL_RCC_GetSysClockFreq
 .text.HAL_RCC_GetHCLKFreq
                0x08001514       0x34 Drivers/STM32F1xx_HAL_Driver/stm32f1xx_hal_rcc.o
                0x08001514                HAL_RCC_GetHCLKFreq
 .text.HAL_RCC_GetPCLK1Freq
                0x08001548       0x30 Drivers/STM32F1xx_HAL_Driver/stm32f1xx_hal_rcc.o
                0x08001548                HAL_RCC_GetPCLK1Freq
 .text.HAL_RCC_GetPCLK2Freq
                0x08001578       0x30 Drivers/STM32F1xx_HAL_Driver/stm32f1xx_hal_rcc.o
                0x08001578                HAL_RCC_GetPCLK2Freq
 .text.HAL_RCCEx_PeriphCLKConfig
                0x080015a8      0x110 Drivers/STM32F1xx_HAL_Driver/stm32f1xx_hal_rcc_ex.o
                0x080015a8                HAL_RCCEx_PeriphCLKConfig
 .text.HAL_RCCEx_GetPeriphCLKFreq
                0x080016b8      0x110 Drivers/STM32F1xx_HAL_Driver/stm32f1xx_hal_rcc_ex.o
                0x080016b8                HAL_RCCEx_GetPeriphCLKFreq
 .text.HAL_SPI_Init
                0x080017c8       0x7c Drivers/STM32F1xx_HAL_Driver/stm32f1xx_hal_spi_ex.o
                0x080017c8                HAL_SPI_Init
 .text.TIM_OC1_SetConfig
                0x08001844       0x50 Drivers/STM32F1xx_HAL_Driver/stm32f1xx_hal_tim.o
 .text.TIM_OC3_SetConfig
                0x08001894       0x58 Drivers/STM32F1xx_HAL_Driver/stm32f1xx_hal_tim.o
 .text.TIM_OC4_SetConfig
                0x080018ec       0x44 Drivers/STM32F1xx_HAL_Driver/stm32f1xx_hal_tim.o
 .text.HAL_TIM_Base_Start_IT
                0x08001930       0x16 Drivers/STM32F1xx_HAL_Driver/stm32f1xx_hal_tim.o
                0x08001930                HAL_TIM_Base_Start_IT
 .text.HAL_TIM_ConfigClockSource
                0x08001946      0x174 Drivers/STM32F1xx_HAL_Driver/stm32f1xx_hal_tim.o
                0x08001946                HAL_TIM_ConfigClockSource
 .text.HAL_TIM_OC_DelayElapsedCallback
                0x08001aba        0x2 Drivers/STM32F1xx_HAL_Driver/stm32f1xx_hal_tim.o
                0x08001aba                HAL_TIM_OC_DelayElapsedCallback
 .text.HAL_TIM_IC_CaptureCallback
                0x08001abc        0x2 Drivers/STM32F1xx_HAL_Driver/stm32f1xx_hal_tim.o
                0x08001abc                HAL_TIM_IC_CaptureCallback
 .text.HAL_TIM_PWM_PulseFinishedCallback
                0x08001abe        0x2 Drivers/STM32F1xx_HAL_Driver/stm32f1xx_hal_tim.o
                0x08001abe                HAL_TIM_PWM_PulseFinishedCallback
 .text.HAL_TIM_TriggerCallback
                0x08001ac0        0x2 Drivers/STM32F1xx_HAL_Driver/stm32f1xx_hal_tim.o
                0x08001ac0                HAL_TIM_TriggerCallback
 .text.HAL_TIM_IRQHandler
                0x08001ac2      0x144 Drivers/STM32F1xx_HAL_Driver/stm32f1xx_hal_tim.o
                0x08001ac2                HAL_TIM_IRQHandler
 *fill*         0x08001c06        0x2 
 .text.TIM_Base_SetConfig
                0x08001c08       0x68 Drivers/STM32F1xx_HAL_Driver/stm32f1xx_hal_tim.o
                0x08001c08                TIM_Base_SetConfig
 .text.HAL_TIM_Base_Init
                0x08001c70       0x34 Drivers/STM32F1xx_HAL_Driver/stm32f1xx_hal_tim.o
                0x08001c70                HAL_TIM_Base_Init
 .text.HAL_TIM_PWM_Init
                0x08001ca4       0x34 Drivers/STM32F1xx_HAL_Driver/stm32f1xx_hal_tim.o
                0x08001ca4                HAL_TIM_PWM_Init
 .text.TIM_OC2_SetConfig
                0x08001cd8       0x58 Drivers/STM32F1xx_HAL_Driver/stm32f1xx_hal_tim.o
                0x08001cd8                TIM_OC2_SetConfig
 .text.HAL_TIM_PWM_ConfigChannel
                0x08001d30       0xc6 Drivers/STM32F1xx_HAL_Driver/stm32f1xx_hal_tim.o
                0x08001d30                HAL_TIM_PWM_ConfigChannel
 .text.TIM_CCxChannelCmd
                0x08001df6       0x18 Drivers/STM32F1xx_HAL_Driver/stm32f1xx_hal_tim.o
                0x08001df6                TIM_CCxChannelCmd
 *fill*         0x08001e0e        0x2 
 .text.HAL_TIM_PWM_Start
                0x08001e10       0x2c Drivers/STM32F1xx_HAL_Driver/stm32f1xx_hal_tim.o
                0x08001e10                HAL_TIM_PWM_Start
 .text.TIM_CCxNChannelCmd
                0x08001e3c       0x18 Drivers/STM32F1xx_HAL_Driver/stm32f1xx_hal_tim_ex.o
 .text.HAL_TIMEx_PWMN_Start
                0x08001e54       0x22 Drivers/STM32F1xx_HAL_Driver/stm32f1xx_hal_tim_ex.o
                0x08001e54                HAL_TIMEx_PWMN_Start
 .text.HAL_TIMEx_ConfigBreakDeadTime
                0x08001e76       0x40 Drivers/STM32F1xx_HAL_Driver/stm32f1xx_hal_tim_ex.o
                0x08001e76                HAL_TIMEx_ConfigBreakDeadTime
 .text.HAL_TIMEx_MasterConfigSynchronization
                0x08001eb6       0x44 Drivers/STM32F1xx_HAL_Driver/stm32f1xx_hal_tim_ex.o
                0x08001eb6                HAL_TIMEx_MasterConfigSynchronization
 .text.HAL_TIMEx_CommutationCallback
                0x08001efa        0x2 Drivers/STM32F1xx_HAL_Driver/stm32f1xx_hal_tim_ex.o
                0x08001efa                HAL_TIMEx_CommutationCallback
 .text.HAL_TIMEx_BreakCallback
                0x08001efc        0x2 Drivers/STM32F1xx_HAL_Driver/stm32f1xx_hal_tim_ex.o
                0x08001efc                HAL_TIMEx_BreakCallback
 *fill*         0x08001efe        0x2 
 .text.UART_SetConfig
                0x08001f00       0xc0 Drivers/STM32F1xx_HAL_Driver/stm32f1xx_hal_uart.o
 .text.HAL_UART_Init
                0x08001fc0       0x58 Drivers/STM32F1xx_HAL_Driver/stm32f1xx_hal_uart.o
                0x08001fc0                HAL_UART_Init
 .text.SystemInit
                0x08002018       0x4c Drivers/CMSIS/system_stm32f1xx.o
                0x08002018                SystemInit
 .text.MX_ADC1_Init
                0x08002064       0x64 Application/User/adc.o
                0x08002064                MX_ADC1_Init
 .text.HAL_ADC_MspInit
                0x080020c8       0x8c Application/User/adc.o
                0x080020c8                HAL_ADC_MspInit
 .text.MX_DMA_Init
                0x08002154       0x30 Application/User/dma.o
                0x08002154                MX_DMA_Init
 .text.MX_GPIO_Init
                0x08002184       0xec Application/User/gpio.o
                0x08002184                MX_GPIO_Init
 .text.ADC_FILTER
                0x08002270       0x5c Application/User/main.o
                0x08002270                ADC_FILTER
 .text.ab_CONV  0x080022cc       0x54 Application/User/main.o
                0x080022cc                ab_CONV
 .text.dq_CONV  0x08002320       0x44 Application/User/main.o
                0x08002320                dq_CONV
 .text.POLAR_CONV
                0x08002364      0x10c Application/User/main.o
                0x08002364                POLAR_CONV
 .text.SPWM     0x08002470       0x70 Application/User/main.o
                0x08002470                SPWM
 .text.SVM      0x080024e0       0x6c Application/User/main.o
                0x080024e0                SVM
 .text.PID_CTRL
                0x0800254c      0x144 Application/User/main.o
                0x0800254c                PID_CTRL
 .text.SPD_ESTIMATION
                0x08002690       0x84 Application/User/main.o
                0x08002690                SPD_ESTIMATION
 .text.HAL_GPIO_EXTI_Callback
                0x08002714       0x54 Application/User/main.o
                0x08002714                HAL_GPIO_EXTI_Callback
 .text.STATE_OBSERVER
                0x08002768       0x80 Application/User/main.o
                0x08002768                STATE_OBSERVER
 .text.POSITION_ESTIMATOR
                0x080027e8       0xb4 Application/User/main.o
                0x080027e8                POSITION_ESTIMATOR
 .text.HAL_TIM_PeriodElapsedCallback
                0x0800289c      0x23c Application/User/main.o
                0x0800289c                HAL_TIM_PeriodElapsedCallback
 .text.ZERO_INIT
                0x08002ad8      0x1c0 Application/User/main.o
                0x08002ad8                ZERO_INIT
 .text.SystemClock_Config
                0x08002c98       0x70 Application/User/main.o
                0x08002c98                SystemClock_Config
 .text.startup.main
                0x08002d08       0x34 Application/User/main.o
                0x08002d08                main
 .text.MX_SPI1_Init
                0x08002d3c       0x34 Application/User/spi.o
                0x08002d3c                MX_SPI1_Init
 .text.HAL_SPI_MspInit
                0x08002d70       0x64 Application/User/spi.o
                0x08002d70                HAL_SPI_MspInit
 .text.HAL_MspInit
                0x08002dd4       0x44 Application/User/stm32f1xx_hal_msp.o
                0x08002dd4                HAL_MspInit
 .text.SysTick_Handler
                0x08002e18        0xe Application/User/stm32f1xx_it.o
                0x08002e18                SysTick_Handler
 .text.EXTI0_IRQHandler
                0x08002e26        0x6 Application/User/stm32f1xx_it.o
                0x08002e26                EXTI0_IRQHandler
 .text.EXTI1_IRQHandler
                0x08002e2c        0x6 Application/User/stm32f1xx_it.o
                0x08002e2c                EXTI1_IRQHandler
 .text.EXTI2_IRQHandler
                0x08002e32        0x6 Application/User/stm32f1xx_it.o
                0x08002e32                EXTI2_IRQHandler
 .text.DMA1_Channel1_IRQHandler
                0x08002e38        0xc Application/User/stm32f1xx_it.o
                0x08002e38                DMA1_Channel1_IRQHandler
 .text.TIM1_BRK_IRQHandler
                0x08002e44        0xc Application/User/stm32f1xx_it.o
                0x08002e44                TIM1_BRK_IRQHandler
 .text.TIM2_IRQHandler
                0x08002e50        0xc Application/User/stm32f1xx_it.o
                0x08002e50                TIM2_IRQHandler
 .text.TIM4_IRQHandler
                0x08002e5c        0xc Application/User/stm32f1xx_it.o
                0x08002e5c                TIM4_IRQHandler
 .text.MX_TIM1_Init
                0x08002e68       0xa4 Application/User/tim.o
                0x08002e68                MX_TIM1_Init
 .text.MX_TIM2_Init
                0x08002f0c       0x48 Application/User/tim.o
                0x08002f0c                MX_TIM2_Init
 .text.MX_TIM3_Init
                0x08002f54       0x58 Application/User/tim.o
                0x08002f54                MX_TIM3_Init
 .text.MX_TIM4_Init
                0x08002fac       0x48 Application/User/tim.o
                0x08002fac                MX_TIM4_Init
 .text.HAL_TIM_Base_MspInit
                0x08002ff4       0xd4 Application/User/tim.o
                0x08002ff4                HAL_TIM_Base_MspInit
 .text.HAL_TIM_PWM_MspInit
                0x080030c8       0x50 Application/User/tim.o
                0x080030c8                HAL_TIM_PWM_MspInit
 .text.MX_USART1_UART_Init
                0x08003118       0x28 Application/User/usart.o
                0x08003118                MX_USART1_UART_Init
 .text.HAL_UART_MspInit
                0x08003140       0x64 Application/User/usart.o
                0x08003140                HAL_UART_MspInit
 .text.Reset_Handler
                0x080031a4       0x48 Application/SW4STM32/startup_stm32f103xb.o
                0x080031a4                Reset_Handler
 .text.Default_Handler
                0x080031ec        0x2 Application/SW4STM32/startup_stm32f103xb.o
                0x080031ec                RTC_Alarm_IRQHandler
                0x080031ec                DebugMon_Handler
                0x080031ec                TIM1_CC_IRQHandler
                0x080031ec                HardFault_Handler
                0x080031ec                PVD_IRQHandler
                0x080031ec                PendSV_Handler
                0x080031ec                NMI_Handler
                0x080031ec                EXTI3_IRQHandler
                0x080031ec                I2C2_EV_IRQHandler
                0x080031ec                UsageFault_Handler
                0x080031ec                ADC1_2_IRQHandler
                0x080031ec                SPI1_IRQHandler
                0x080031ec                TAMPER_IRQHandler
                0x080031ec                DMA1_Channel4_IRQHandler
                0x080031ec                USART3_IRQHandler
                0x080031ec                RTC_IRQHandler
                0x080031ec                DMA1_Channel7_IRQHandler
                0x080031ec                CAN1_RX1_IRQHandler
                0x080031ec                I2C1_EV_IRQHandler
                0x080031ec                DMA1_Channel6_IRQHandler
                0x080031ec                TIM3_IRQHandler
                0x080031ec                RCC_IRQHandler
                0x080031ec                TIM1_TRG_COM_IRQHandler
                0x080031ec                Default_Handler
                0x080031ec                EXTI15_10_IRQHandler
                0x080031ec                EXTI9_5_IRQHandler
                0x080031ec                SPI2_IRQHandler
                0x080031ec                MemManage_Handler
                0x080031ec                SVC_Handler
                0x080031ec                DMA1_Channel5_IRQHandler
                0x080031ec                EXTI4_IRQHandler
                0x080031ec                USB_LP_CAN1_RX0_IRQHandler
                0x080031ec                USB_HP_CAN1_TX_IRQHandler
                0x080031ec                DMA1_Channel3_IRQHandler
                0x080031ec                TIM1_UP_IRQHandler
                0x080031ec                WWDG_IRQHandler
                0x080031ec                USART2_IRQHandler
                0x080031ec                I2C2_ER_IRQHandler
                0x080031ec                DMA1_Channel2_IRQHandler
                0x080031ec                CAN1_SCE_IRQHandler
                0x080031ec                FLASH_IRQHandler
                0x080031ec                BusFault_Handler
                0x080031ec                USART1_IRQHandler
                0x080031ec                I2C1_ER_IRQHandler
                0x080031ec                USBWakeUp_IRQHandler
 *fill*         0x080031ee        0x2 
 .text.__libc_init_array
                0x080031f0       0x4c c:/ac6/systemworkbench/plugins/fr.ac6.mcu.externaltools.arm-none.win32_1.3.0.201507241045/tools/compiler/bin/../lib/gcc/arm-none-eabi/4.9.3/../../../../arm-none-eabi/lib/armv7-m\libc_nano.a(lib_a-init.o)
                0x080031f0                __libc_init_array
 *(.glue_7)
 .glue_7        0x00000000        0x0 linker stubs
 *(.glue_7t)
 .glue_7t       0x00000000        0x0 linker stubs
 *(.eh_frame)
 .eh_frame      0x0800323c        0x0 c:/ac6/systemworkbench/plugins/fr.ac6.mcu.externaltools.arm-none.win32_1.3.0.201507241045/tools/compiler/bin/../lib/gcc/arm-none-eabi/4.9.3/armv7-m/crtbegin.o
 *(.init)
 .init          0x0800323c        0x4 c:/ac6/systemworkbench/plugins/fr.ac6.mcu.externaltools.arm-none.win32_1.3.0.201507241045/tools/compiler/bin/../lib/gcc/arm-none-eabi/4.9.3/armv7-m/crti.o
                0x0800323c                _init
 .init          0x08003240        0x8 c:/ac6/systemworkbench/plugins/fr.ac6.mcu.externaltools.arm-none.win32_1.3.0.201507241045/tools/compiler/bin/../lib/gcc/arm-none-eabi/4.9.3/armv7-m/crtn.o
 *(.fini)
 .fini          0x08003248        0x4 c:/ac6/systemworkbench/plugins/fr.ac6.mcu.externaltools.arm-none.win32_1.3.0.201507241045/tools/compiler/bin/../lib/gcc/arm-none-eabi/4.9.3/armv7-m/crti.o
                0x08003248                _fini
 .fini          0x0800324c        0x8 c:/ac6/systemworkbench/plugins/fr.ac6.mcu.externaltools.arm-none.win32_1.3.0.201507241045/tools/compiler/bin/../lib/gcc/arm-none-eabi/4.9.3/armv7-m/crtn.o
                0x08003254                . = ALIGN (0x4)
                0x08003254                _etext = .

.vfp11_veneer   0x08003254        0x0
 .vfp11_veneer  0x00000000        0x0 linker stubs

.v4_bx          0x08003254        0x0
 .v4_bx         0x00000000        0x0 linker stubs

.iplt           0x08003254        0x0
 .iplt          0x00000000        0x0 c:/ac6/systemworkbench/plugins/fr.ac6.mcu.externaltools.arm-none.win32_1.3.0.201507241045/tools/compiler/bin/../lib/gcc/arm-none-eabi/4.9.3/armv7-m/crtbegin.o

.rodata         0x08003254     0x8b70
                0x08003254                . = ALIGN (0x4)
 *(.rodata)
 .rodata        0x08003254       0x22 Drivers/STM32F1xx_HAL_Driver/stm32f1xx_hal_rcc.o
                0x08003266                aAPBAHBPrescTable
 .rodata        0x08003276       0x12 Drivers/STM32F1xx_HAL_Driver/stm32f1xx_hal_rcc_ex.o
 .rodata        0x08003288     0x8b3c Application/User/main.o
                0x08003288                COSINE_TABLE
                0x08005808                RADICAL
                0x08007808                INV_TAN
                0x08009808                SVM_TABLE
                0x0800bd88                HALL_ANGLE
                0x0800bda4                HALL_STATE
 *(.rodata*)
                0x0800bdc4                . = ALIGN (0x4)

.rel.dyn        0x0800bdc4        0x0
 .rel.iplt      0x00000000        0x0 c:/ac6/systemworkbench/plugins/fr.ac6.mcu.externaltools.arm-none.win32_1.3.0.201507241045/tools/compiler/bin/../lib/gcc/arm-none-eabi/4.9.3/armv7-m/crtbegin.o

.ARM.extab
 *(.ARM.extab* .gnu.linkonce.armextab.*)

.ARM            0x0800bdc4        0x0
                0x0800bdc4                __exidx_start = .
 *(.ARM.exidx*)
                0x0800bdc4                __exidx_end = .

.preinit_array  0x0800bdc4        0x0
                0x0800bdc4                PROVIDE (__preinit_array_start, .)
 *(.preinit_array*)
                0x0800bdc4                PROVIDE (__preinit_array_end, .)

.init_array     0x0800bdc4        0x4
                0x0800bdc4                PROVIDE (__init_array_start, .)
 *(SORT(.init_array.*))
 *(.init_array*)
 .init_array    0x0800bdc4        0x4 c:/ac6/systemworkbench/plugins/fr.ac6.mcu.externaltools.arm-none.win32_1.3.0.201507241045/tools/compiler/bin/../lib/gcc/arm-none-eabi/4.9.3/armv7-m/crtbegin.o
                0x0800bdc8                PROVIDE (__init_array_end, .)

.fini_array     0x0800bdc8        0x4
                0x0800bdc8                PROVIDE (__fini_array_start, .)
 *(SORT(.fini_array.*))
 *(.fini_array*)
 .fini_array    0x0800bdc8        0x4 c:/ac6/systemworkbench/plugins/fr.ac6.mcu.externaltools.arm-none.win32_1.3.0.201507241045/tools/compiler/bin/../lib/gcc/arm-none-eabi/4.9.3/armv7-m/crtbegin.o
                0x0800bdcc                PROVIDE (__fini_array_end, .)
                0x0800bdcc                _sidata = LOADADDR (.data)

.data           0x20000000       0x10 load address 0x0800bdcc
                0x20000000                . = ALIGN (0x4)
                0x20000000                _sdata = .
 *(.data)
 .data          0x20000000        0x4 Drivers/CMSIS/system_stm32f1xx.o
                0x20000000                SystemCoreClock
 .data          0x20000004        0xc Application/User/main.o
                0x20000004                I10
                0x20000008                I20
                0x2000000c                I30
 *(.data*)
                0x20000010                . = ALIGN (0x4)
                0x20000010                _edata = .

.jcr            0x20000010        0x0 load address 0x0800bddc
 .jcr           0x20000010        0x0 c:/ac6/systemworkbench/plugins/fr.ac6.mcu.externaltools.arm-none.win32_1.3.0.201507241045/tools/compiler/bin/../lib/gcc/arm-none-eabi/4.9.3/armv7-m/crtbegin.o

.igot.plt       0x20000010        0x0 load address 0x0800bddc
 .igot.plt      0x00000000        0x0 c:/ac6/systemworkbench/plugins/fr.ac6.mcu.externaltools.arm-none.win32_1.3.0.201507241045/tools/compiler/bin/../lib/gcc/arm-none-eabi/4.9.3/armv7-m/crtbegin.o
                0x20000010                . = ALIGN (0x4)

.bss            0x20000010      0x4bc load address 0x0800bddc
                0x20000010                _sbss = .
                0x20000010                __bss_start__ = _sbss
 *(.bss)
 .bss           0x20000010       0x1c c:/ac6/systemworkbench/plugins/fr.ac6.mcu.externaltools.arm-none.win32_1.3.0.201507241045/tools/compiler/bin/../lib/gcc/arm-none-eabi/4.9.3/armv7-m/crtbegin.o
 .bss           0x2000002c        0x4 Drivers/STM32F1xx_HAL_Driver/stm32f1xx_hal.o
 .bss           0x20000030        0x1 Drivers/STM32F1xx_HAL_Driver/stm32f1xx_hal_spi_ex.o
                0x20000030                uCRCErrorWorkaroundCheck
 *fill*         0x20000031        0x3 
 .bss           0x20000034       0x18 Application/User/main.o
                0x20000034                FLT_CNT
                0x20000038                EXTI_FLAG
                0x2000003c                SPD
                0x20000040                POS
                0x20000044                ACC
                0x20000048                FAULT_CNT
 *(.bss*)
 *(COMMON)
 COMMON         0x2000004c       0x68 Application/User/adc.o
                0x2000004c                hadc1
                0x2000007c                hdma_adc1
 COMMON         0x200000b4      0x290 Application/User/main.o
                0x200000b4                KD
                0x200000b8                I2
                0x200000bc                ACC_READ
                0x200000c0                PHI_READ
                0x200000c4                Ve0
                0x200000c8                CTRL_d
                0x200000cc                Ia
                0x200000d0                I_Iq
                0x200000d4                KP
                0x200000d8                D_Iq
                0x200000dc                R_Id
                0x200000e0                DEBUG_3
                0x200000e4                K_RATE
                0x200000e8                I_Id
                0x200000ec                Id
                0x200000f0                AMP_OUT
                0x200000f4                E_Iq
                0x200000f8                I1
                0x200000fc                T_MAX
                0x20000100                Veq
                0x20000104                CTRL_q
                0x20000108                KMIX
                0x2000010c                Ve_PHI
                0x20000110                DEBUG_2
                0x20000114                ADC_DATA
                0x2000011c                D_Id
                0x20000120                Ib
                0x20000124                I3
                0x20000128                PHI_OUT
                0x2000012c                DEBUG_1
                0x20000130                Ve1
                0x20000134                E_Id
                0x20000138                ratio
                0x2000013c                INT_MAX
                0x20000140                Ve_AMP
                0x20000144                Iq
                0x20000148                DELTA
                0x2000014c                NO_OF
                0x20000150                PI_Ratio
                0x20000154                DPHI
                0x20000158                KFF
                0x2000015c                SPD_READ
                0x20000160                AMP_IN
                0x20000164                I
                0x2000016c                PHI_dq
                0x20000170                PHI_IN
                0x20000174                KMIX_FLT
                0x20000304                KI
                0x20000308                ADC_FLT
                0x20000338                TIM2_OF
                0x2000033c                R_Iq
                0x20000340                Ved
 COMMON         0x20000344       0x58 Application/User/spi.o
                0x20000344                hspi1
 COMMON         0x2000039c       0xf0 Application/User/tim.o
                0x2000039c                htim4
                0x200003d8                htim3
                0x20000414                htim1
                0x20000450                htim2
 COMMON         0x2000048c       0x40 Application/User/usart.o
                0x2000048c                huart1
                0x200004cc                . = ALIGN (0x4)
                0x200004cc                _ebss = .
                0x200004cc                __bss_end__ = _ebss

._user_heap_stack
                0x200004cc      0x604 load address 0x0800bddc
                0x200004d0                . = ALIGN (0x8)
 *fill*         0x200004cc        0x4 
                0x200004d0                PROVIDE (end, .)
                0x200004d0                PROVIDE (_end, .)
                0x200006d0                . = (. + _Min_Heap_Size)
 *fill*         0x200004d0      0x200 
                0x20000ad0                . = (. + _Min_Stack_Size)
 *fill*         0x200006d0      0x400 
                0x20000ad0                . = ALIGN (0x8)

/DISCARD/
 libc.a(*)
 libm.a(*)
 libgcc.a(*)

.ARM.attributes
                0x00000000       0x29
 *(.ARM.attributes)
 .ARM.attributes
                0x00000000       0x1d c:/ac6/systemworkbench/plugins/fr.ac6.mcu.externaltools.arm-none.win32_1.3.0.201507241045/tools/compiler/bin/../lib/gcc/arm-none-eabi/4.9.3/armv7-m/crti.o
 .ARM.attributes
                0x0000001d       0x2d c:/ac6/systemworkbench/plugins/fr.ac6.mcu.externaltools.arm-none.win32_1.3.0.201507241045/tools/compiler/bin/../lib/gcc/arm-none-eabi/4.9.3/armv7-m/crtbegin.o
 .ARM.attributes
                0x0000004a       0x33 Drivers/STM32F1xx_HAL_Driver/stm32f1xx_hal.o
 .ARM.attributes
                0x0000007d       0x33 Drivers/STM32F1xx_HAL_Driver/stm32f1xx_hal_adc.o
 .ARM.attributes
                0x000000b0       0x33 Drivers/STM32F1xx_HAL_Driver/stm32f1xx_hal_adc_ex.o
 .ARM.attributes
                0x000000e3       0x33 Drivers/STM32F1xx_HAL_Driver/stm32f1xx_hal_cortex.o
 .ARM.attributes
                0x00000116       0x33 Drivers/STM32F1xx_HAL_Driver/stm32f1xx_hal_dma.o
 .ARM.attributes
                0x00000149       0x33 Drivers/STM32F1xx_HAL_Driver/stm32f1xx_hal_gpio.o
 .ARM.attributes
                0x0000017c       0x33 Drivers/STM32F1xx_HAL_Driver/stm32f1xx_hal_rcc.o
 .ARM.attributes
                0x000001af       0x33 Drivers/STM32F1xx_HAL_Driver/stm32f1xx_hal_rcc_ex.o
 .ARM.attributes
                0x000001e2       0x33 Drivers/STM32F1xx_HAL_Driver/stm32f1xx_hal_spi_ex.o
 .ARM.attributes
                0x00000215       0x33 Drivers/STM32F1xx_HAL_Driver/stm32f1xx_hal_tim.o
 .ARM.attributes
                0x00000248       0x33 Drivers/STM32F1xx_HAL_Driver/stm32f1xx_hal_tim_ex.o
 .ARM.attributes
                0x0000027b       0x33 Drivers/STM32F1xx_HAL_Driver/stm32f1xx_hal_uart.o
 .ARM.attributes
                0x000002ae       0x33 Drivers/CMSIS/system_stm32f1xx.o
 .ARM.attributes
                0x000002e1       0x33 Application/User/adc.o
 .ARM.attributes
                0x00000314       0x33 Application/User/dma.o
 .ARM.attributes
                0x00000347       0x33 Application/User/gpio.o
 .ARM.attributes
                0x0000037a       0x33 Application/User/main.o
 .ARM.attributes
                0x000003ad       0x33 Application/User/spi.o
 .ARM.attributes
                0x000003e0       0x33 Application/User/stm32f1xx_hal_msp.o
 .ARM.attributes
                0x00000413       0x33 Application/User/stm32f1xx_it.o
 .ARM.attributes
                0x00000446       0x33 Application/User/tim.o
 .ARM.attributes
                0x00000479       0x33 Application/User/usart.o
 .ARM.attributes
                0x000004ac       0x21 Application/SW4STM32/startup_stm32f103xb.o
 .ARM.attributes
                0x000004cd       0x2d c:/ac6/systemworkbench/plugins/fr.ac6.mcu.externaltools.arm-none.win32_1.3.0.201507241045/tools/compiler/bin/../lib/gcc/arm-none-eabi/4.9.3/../../../../arm-none-eabi/lib/armv7-m\libc_nano.a(lib_a-init.o)
 .ARM.attributes
                0x000004fa       0x1d c:/ac6/systemworkbench/plugins/fr.ac6.mcu.externaltools.arm-none.win32_1.3.0.201507241045/tools/compiler/bin/../lib/gcc/arm-none-eabi/4.9.3/armv7-m/crtn.o
OUTPUT(TEST_6 Configuration.elf elf32-littlearm)

.debug_info     0x00000000    0x10a2f
 .debug_info    0x00000000      0x6ae Drivers/STM32F1xx_HAL_Driver/stm32f1xx_hal.o
 .debug_info    0x000006ae     0x10a4 Drivers/STM32F1xx_HAL_Driver/stm32f1xx_hal_adc.o
 .debug_info    0x00001752      0xc94 Drivers/STM32F1xx_HAL_Driver/stm32f1xx_hal_adc_ex.o
 .debug_info    0x000023e6      0xbf8 Drivers/STM32F1xx_HAL_Driver/stm32f1xx_hal_cortex.o
 .debug_info    0x00002fde      0x630 Drivers/STM32F1xx_HAL_Driver/stm32f1xx_hal_dma.o
 .debug_info    0x0000360e      0x5fc Drivers/STM32F1xx_HAL_Driver/stm32f1xx_hal_gpio.o
 .debug_info    0x00003c0a     0x14d1 Drivers/STM32F1xx_HAL_Driver/stm32f1xx_hal_rcc.o
 .debug_info    0x000050db      0x57f Drivers/STM32F1xx_HAL_Driver/stm32f1xx_hal_rcc_ex.o
 .debug_info    0x0000565a      0x598 Drivers/STM32F1xx_HAL_Driver/stm32f1xx_hal_spi_ex.o
 .debug_info    0x00005bf2     0x3389 Drivers/STM32F1xx_HAL_Driver/stm32f1xx_hal_tim.o
 .debug_info    0x00008f7b     0x11cb Drivers/STM32F1xx_HAL_Driver/stm32f1xx_hal_tim_ex.o
 .debug_info    0x0000a146     0x1131 Drivers/STM32F1xx_HAL_Driver/stm32f1xx_hal_uart.o
 .debug_info    0x0000b277      0x3a0 Drivers/CMSIS/system_stm32f1xx.o
 .debug_info    0x0000b617      0x85a Application/User/adc.o
 .debug_info    0x0000be71      0x321 Application/User/dma.o
 .debug_info    0x0000c192      0x53b Application/User/gpio.o
 .debug_info    0x0000c6cd     0x1908 Application/User/main.o
 .debug_info    0x0000dfd5      0x814 Application/User/spi.o
 .debug_info    0x0000e7e9      0x38e Application/User/stm32f1xx_hal_msp.o
 .debug_info    0x0000eb77      0x670 Application/User/stm32f1xx_it.o
 .debug_info    0x0000f1e7      0xfb1 Application/User/tim.o
 .debug_info    0x00010198      0x7aa Application/User/usart.o
 .debug_info    0x00010942       0xed Application/SW4STM32/startup_stm32f103xb.o

.debug_abbrev   0x00000000     0x2e4c
 .debug_abbrev  0x00000000      0x258 Drivers/STM32F1xx_HAL_Driver/stm32f1xx_hal.o
 .debug_abbrev  0x00000258      0x2cd Drivers/STM32F1xx_HAL_Driver/stm32f1xx_hal_adc.o
 .debug_abbrev  0x00000525      0x2b9 Drivers/STM32F1xx_HAL_Driver/stm32f1xx_hal_adc_ex.o
 .debug_abbrev  0x000007de      0x2cc Drivers/STM32F1xx_HAL_Driver/stm32f1xx_hal_cortex.o
 .debug_abbrev  0x00000aaa      0x208 Drivers/STM32F1xx_HAL_Driver/stm32f1xx_hal_dma.o
 .debug_abbrev  0x00000cb2      0x1c9 Drivers/STM32F1xx_HAL_Driver/stm32f1xx_hal_gpio.o
 .debug_abbrev  0x00000e7b      0x34a Drivers/STM32F1xx_HAL_Driver/stm32f1xx_hal_rcc.o
 .debug_abbrev  0x000011c5      0x247 Drivers/STM32F1xx_HAL_Driver/stm32f1xx_hal_rcc_ex.o
 .debug_abbrev  0x0000140c      0x15e Drivers/STM32F1xx_HAL_Driver/stm32f1xx_hal_spi_ex.o
 .debug_abbrev  0x0000156a      0x327 Drivers/STM32F1xx_HAL_Driver/stm32f1xx_hal_tim.o
 .debug_abbrev  0x00001891      0x22c Drivers/STM32F1xx_HAL_Driver/stm32f1xx_hal_tim_ex.o
 .debug_abbrev  0x00001abd      0x2ae Drivers/STM32F1xx_HAL_Driver/stm32f1xx_hal_uart.o
 .debug_abbrev  0x00001d6b      0x123 Drivers/CMSIS/system_stm32f1xx.o
 .debug_abbrev  0x00001e8e      0x1b9 Application/User/adc.o
 .debug_abbrev  0x00002047      0x121 Application/User/dma.o
 .debug_abbrev  0x00002168      0x155 Application/User/gpio.o
 .debug_abbrev  0x000022bd      0x2ff Application/User/main.o
 .debug_abbrev  0x000025bc      0x1c9 Application/User/spi.o
 .debug_abbrev  0x00002785      0x133 Application/User/stm32f1xx_hal_msp.o
 .debug_abbrev  0x000028b8      0x18c Application/User/stm32f1xx_it.o
 .debug_abbrev  0x00002a44      0x22d Application/User/tim.o
 .debug_abbrev  0x00002c71      0x1c9 Application/User/usart.o
 .debug_abbrev  0x00002e3a       0x12 Application/SW4STM32/startup_stm32f103xb.o

.debug_loc      0x00000000     0x9217
 .debug_loc     0x00000000       0x6f Drivers/STM32F1xx_HAL_Driver/stm32f1xx_hal.o
 .debug_loc     0x0000006f      0xb18 Drivers/STM32F1xx_HAL_Driver/stm32f1xx_hal_adc.o
 .debug_loc     0x00000b87      0x947 Drivers/STM32F1xx_HAL_Driver/stm32f1xx_hal_adc_ex.o
 .debug_loc     0x000014ce      0x31e Drivers/STM32F1xx_HAL_Driver/stm32f1xx_hal_cortex.o
 .debug_loc     0x000017ec      0x449 Drivers/STM32F1xx_HAL_Driver/stm32f1xx_hal_dma.o
 .debug_loc     0x00001c35      0x31f Drivers/STM32F1xx_HAL_Driver/stm32f1xx_hal_gpio.o
 .debug_loc     0x00001f54      0xc36 Drivers/STM32F1xx_HAL_Driver/stm32f1xx_hal_rcc.o
 .debug_loc     0x00002b8a      0x3aa Drivers/STM32F1xx_HAL_Driver/stm32f1xx_hal_rcc_ex.o
 .debug_loc     0x00002f34       0x63 Drivers/STM32F1xx_HAL_Driver/stm32f1xx_hal_spi_ex.o
 .debug_loc     0x00002f97     0x3261 Drivers/STM32F1xx_HAL_Driver/stm32f1xx_hal_tim.o
 .debug_loc     0x000061f8      0xa5a Drivers/STM32F1xx_HAL_Driver/stm32f1xx_hal_tim_ex.o
 .debug_loc     0x00006c52      0xd60 Drivers/STM32F1xx_HAL_Driver/stm32f1xx_hal_uart.o
 .debug_loc     0x000079b2       0xb6 Drivers/CMSIS/system_stm32f1xx.o
 .debug_loc     0x00007a68       0x63 Application/User/adc.o
 .debug_loc     0x00007acb     0x15b4 Application/User/main.o
 .debug_loc     0x0000907f       0x4d Application/User/spi.o
 .debug_loc     0x000090cc       0xfe Application/User/tim.o
 .debug_loc     0x000091ca       0x4d Application/User/usart.o

.debug_aranges  0x00000000      0xc78
 .debug_aranges
                0x00000000       0xb0 Drivers/STM32F1xx_HAL_Driver/stm32f1xx_hal.o
 .debug_aranges
                0x000000b0       0xf0 Drivers/STM32F1xx_HAL_Driver/stm32f1xx_hal_adc.o
 .debug_aranges
                0x000001a0       0x80 Drivers/STM32F1xx_HAL_Driver/stm32f1xx_hal_adc_ex.o
 .debug_aranges
                0x00000220       0x90 Drivers/STM32F1xx_HAL_Driver/stm32f1xx_hal_cortex.o
 .debug_aranges
                0x000002b0       0x60 Drivers/STM32F1xx_HAL_Driver/stm32f1xx_hal_dma.o
 .debug_aranges
                0x00000310       0x58 Drivers/STM32F1xx_HAL_Driver/stm32f1xx_hal_gpio.o
 .debug_aranges
                0x00000368       0x88 Drivers/STM32F1xx_HAL_Driver/stm32f1xx_hal_rcc.o
 .debug_aranges
                0x000003f0       0x30 Drivers/STM32F1xx_HAL_Driver/stm32f1xx_hal_rcc_ex.o
 .debug_aranges
                0x00000420       0x28 Drivers/STM32F1xx_HAL_Driver/stm32f1xx_hal_spi_ex.o
 .debug_aranges
                0x00000448      0x330 Drivers/STM32F1xx_HAL_Driver/stm32f1xx_hal_tim.o
 .debug_aranges
                0x00000778      0x138 Drivers/STM32F1xx_HAL_Driver/stm32f1xx_hal_tim_ex.o
 .debug_aranges
                0x000008b0      0x138 Drivers/STM32F1xx_HAL_Driver/stm32f1xx_hal_uart.o
 .debug_aranges
                0x000009e8       0x28 Drivers/CMSIS/system_stm32f1xx.o
 .debug_aranges
                0x00000a10       0x30 Application/User/adc.o
 .debug_aranges
                0x00000a40       0x20 Application/User/dma.o
 .debug_aranges
                0x00000a60       0x20 Application/User/gpio.o
 .debug_aranges
                0x00000a80       0xa0 Application/User/main.o
 .debug_aranges
                0x00000b20       0x30 Application/User/spi.o
 .debug_aranges
                0x00000b50       0x20 Application/User/stm32f1xx_hal_msp.o
 .debug_aranges
                0x00000b70       0x58 Application/User/stm32f1xx_it.o
 .debug_aranges
                0x00000bc8       0x58 Application/User/tim.o
 .debug_aranges
                0x00000c20       0x30 Application/User/usart.o
 .debug_aranges
                0x00000c50       0x28 Application/SW4STM32/startup_stm32f103xb.o

.debug_ranges   0x00000000      0xfc0
 .debug_ranges  0x00000000       0xa0 Drivers/STM32F1xx_HAL_Driver/stm32f1xx_hal.o
 .debug_ranges  0x000000a0       0xe0 Drivers/STM32F1xx_HAL_Driver/stm32f1xx_hal_adc.o
 .debug_ranges  0x00000180       0x88 Drivers/STM32F1xx_HAL_Driver/stm32f1xx_hal_adc_ex.o
 .debug_ranges  0x00000208      0x130 Drivers/STM32F1xx_HAL_Driver/stm32f1xx_hal_cortex.o
 .debug_ranges  0x00000338       0x80 Drivers/STM32F1xx_HAL_Driver/stm32f1xx_hal_dma.o
 .debug_ranges  0x000003b8       0x70 Drivers/STM32F1xx_HAL_Driver/stm32f1xx_hal_gpio.o
 .debug_ranges  0x00000428      0x130 Drivers/STM32F1xx_HAL_Driver/stm32f1xx_hal_rcc.o
 .debug_ranges  0x00000558       0x68 Drivers/STM32F1xx_HAL_Driver/stm32f1xx_hal_rcc_ex.o
 .debug_ranges  0x000005c0       0x18 Drivers/STM32F1xx_HAL_Driver/stm32f1xx_hal_spi_ex.o
 .debug_ranges  0x000005d8      0x3e0 Drivers/STM32F1xx_HAL_Driver/stm32f1xx_hal_tim.o
 .debug_ranges  0x000009b8      0x128 Drivers/STM32F1xx_HAL_Driver/stm32f1xx_hal_tim_ex.o
 .debug_ranges  0x00000ae0      0x128 Drivers/STM32F1xx_HAL_Driver/stm32f1xx_hal_uart.o
 .debug_ranges  0x00000c08       0x18 Drivers/CMSIS/system_stm32f1xx.o
 .debug_ranges  0x00000c20       0x40 Application/User/adc.o
 .debug_ranges  0x00000c60       0x40 Application/User/dma.o
 .debug_ranges  0x00000ca0       0x98 Application/User/gpio.o
 .debug_ranges  0x00000d38       0x90 Application/User/main.o
 .debug_ranges  0x00000dc8       0x40 Application/User/spi.o
 .debug_ranges  0x00000e08       0x30 Application/User/stm32f1xx_hal_msp.o
 .debug_ranges  0x00000e38       0x48 Application/User/stm32f1xx_it.o
 .debug_ranges  0x00000e80       0xe0 Application/User/tim.o
 .debug_ranges  0x00000f60       0x40 Application/User/usart.o
 .debug_ranges  0x00000fa0       0x20 Application/SW4STM32/startup_stm32f103xb.o

.debug_macro    0x00000000    0x11737
 .debug_macro   0x00000000      0x288 Drivers/STM32F1xx_HAL_Driver/stm32f1xx_hal.o
 .debug_macro   0x00000288      0x880 Drivers/STM32F1xx_HAL_Driver/stm32f1xx_hal.o
 .debug_macro   0x00000b08      0x1a4 Drivers/STM32F1xx_HAL_Driver/stm32f1xx_hal.o
 .debug_macro   0x00000cac       0x2e Drivers/STM32F1xx_HAL_Driver/stm32f1xx_hal.o
 .debug_macro   0x00000cda       0x22 Drivers/STM32F1xx_HAL_Driver/stm32f1xx_hal.o
 .debug_macro   0x00000cfc       0x3a Drivers/STM32F1xx_HAL_Driver/stm32f1xx_hal.o
 .debug_macro   0x00000d36       0x22 Drivers/STM32F1xx_HAL_Driver/stm32f1xx_hal.o
 .debug_macro   0x00000d58       0x44 Drivers/STM32F1xx_HAL_Driver/stm32f1xx_hal.o
 .debug_macro   0x00000d9c       0x1c Drivers/STM32F1xx_HAL_Driver/stm32f1xx_hal.o
 .debug_macro   0x00000db8      0x1f7 Drivers/STM32F1xx_HAL_Driver/stm32f1xx_hal.o
 .debug_macro   0x00000faf       0x34 Drivers/STM32F1xx_HAL_Driver/stm32f1xx_hal.o
 .debug_macro   0x00000fe3      0xb6b Drivers/STM32F1xx_HAL_Driver/stm32f1xx_hal.o
 .debug_macro   0x00001b4e     0x6617 Drivers/STM32F1xx_HAL_Driver/stm32f1xx_hal.o
 .debug_macro   0x00008165       0x43 Drivers/STM32F1xx_HAL_Driver/stm32f1xx_hal.o
 .debug_macro   0x000081a8     0x30cb Drivers/STM32F1xx_HAL_Driver/stm32f1xx_hal.o
 .debug_macro   0x0000b273       0x58 Drivers/STM32F1xx_HAL_Driver/stm32f1xx_hal.o
 .debug_macro   0x0000b2cb       0x35 Drivers/STM32F1xx_HAL_Driver/stm32f1xx_hal.o
 .debug_macro   0x0000b300       0x9c Drivers/STM32F1xx_HAL_Driver/stm32f1xx_hal.o
 .debug_macro   0x0000b39c       0x16 Drivers/STM32F1xx_HAL_Driver/stm32f1xx_hal.o
 .debug_macro   0x0000b3b2       0x97 Drivers/STM32F1xx_HAL_Driver/stm32f1xx_hal.o
 .debug_macro   0x0000b449      0x29d Drivers/STM32F1xx_HAL_Driver/stm32f1xx_hal.o
 .debug_macro   0x0000b6e6       0xef Drivers/STM32F1xx_HAL_Driver/stm32f1xx_hal.o
 .debug_macro   0x0000b7d5       0x10 Drivers/STM32F1xx_HAL_Driver/stm32f1xx_hal.o
 .debug_macro   0x0000b7e5       0x52 Drivers/STM32F1xx_HAL_Driver/stm32f1xx_hal.o
 .debug_macro   0x0000b837       0x16 Drivers/STM32F1xx_HAL_Driver/stm32f1xx_hal.o
 .debug_macro   0x0000b84d       0x43 Drivers/STM32F1xx_HAL_Driver/stm32f1xx_hal.o
 .debug_macro   0x0000b890      0x180 Drivers/STM32F1xx_HAL_Driver/stm32f1xx_hal.o
 .debug_macro   0x0000ba10       0x10 Drivers/STM32F1xx_HAL_Driver/stm32f1xx_hal.o
 .debug_macro   0x0000ba20       0x22 Drivers/STM32F1xx_HAL_Driver/stm32f1xx_hal.o
 .debug_macro   0x0000ba42       0xbd Drivers/STM32F1xx_HAL_Driver/stm32f1xx_hal.o
 .debug_macro   0x0000baff       0x16 Drivers/STM32F1xx_HAL_Driver/stm32f1xx_hal.o
 .debug_macro   0x0000bb15      0x196 Drivers/STM32F1xx_HAL_Driver/stm32f1xx_hal.o
 .debug_macro   0x0000bcab       0x50 Drivers/STM32F1xx_HAL_Driver/stm32f1xx_hal.o
 .debug_macro   0x0000bcfb      0x77f Drivers/STM32F1xx_HAL_Driver/stm32f1xx_hal.o
 .debug_macro   0x0000c47a      0x28b Drivers/STM32F1xx_HAL_Driver/stm32f1xx_hal.o
 .debug_macro   0x0000c705      0x141 Drivers/STM32F1xx_HAL_Driver/stm32f1xx_hal.o
 .debug_macro   0x0000c846      0x197 Drivers/STM32F1xx_HAL_Driver/stm32f1xx_hal.o
 .debug_macro   0x0000c9dd      0x1a7 Drivers/STM32F1xx_HAL_Driver/stm32f1xx_hal.o
 .debug_macro   0x0000cb84       0x2d Drivers/STM32F1xx_HAL_Driver/stm32f1xx_hal.o
 .debug_macro   0x0000cbb1       0x3c Drivers/STM32F1xx_HAL_Driver/stm32f1xx_hal.o
 .debug_macro   0x0000cbed       0x5e Drivers/STM32F1xx_HAL_Driver/stm32f1xx_hal.o
 .debug_macro   0x0000cc4b      0x46a Drivers/STM32F1xx_HAL_Driver/stm32f1xx_hal.o
 .debug_macro   0x0000d0b5      0x1b5 Drivers/STM32F1xx_HAL_Driver/stm32f1xx_hal.o
 .debug_macro   0x0000d26a       0x8c Drivers/STM32F1xx_HAL_Driver/stm32f1xx_hal.o
 .debug_macro   0x0000d2f6      0x242 Drivers/STM32F1xx_HAL_Driver/stm32f1xx_hal.o
 .debug_macro   0x0000d538      0x143 Drivers/STM32F1xx_HAL_Driver/stm32f1xx_hal.o
 .debug_macro   0x0000d67b      0x1f4 Drivers/STM32F1xx_HAL_Driver/stm32f1xx_hal.o
 .debug_macro   0x0000d86f      0x83e Drivers/STM32F1xx_HAL_Driver/stm32f1xx_hal.o
 .debug_macro   0x0000e0ad       0x11 Drivers/STM32F1xx_HAL_Driver/stm32f1xx_hal.o
 .debug_macro   0x0000e0be      0x256 Drivers/STM32F1xx_HAL_Driver/stm32f1xx_hal.o
 .debug_macro   0x0000e314       0x7c Drivers/STM32F1xx_HAL_Driver/stm32f1xx_hal.o
 .debug_macro   0x0000e390      0x281 Drivers/STM32F1xx_HAL_Driver/stm32f1xx_hal_adc.o
 .debug_macro   0x0000e611      0x276 Drivers/STM32F1xx_HAL_Driver/stm32f1xx_hal_adc_ex.o
 .debug_macro   0x0000e887      0x264 Drivers/STM32F1xx_HAL_Driver/stm32f1xx_hal_cortex.o
 .debug_macro   0x0000eaeb      0x26a Drivers/STM32F1xx_HAL_Driver/stm32f1xx_hal_dma.o
 .debug_macro   0x0000ed55      0x2d4 Drivers/STM32F1xx_HAL_Driver/stm32f1xx_hal_gpio.o
 .debug_macro   0x0000f029      0x276 Drivers/STM32F1xx_HAL_Driver/stm32f1xx_hal_rcc.o
 .debug_macro   0x0000f29f      0x264 Drivers/STM32F1xx_HAL_Driver/stm32f1xx_hal_rcc_ex.o
 .debug_macro   0x0000f503      0x264 Drivers/STM32F1xx_HAL_Driver/stm32f1xx_hal_spi_ex.o
 .debug_macro   0x0000f767      0x265 Drivers/STM32F1xx_HAL_Driver/stm32f1xx_hal_tim.o
 .debug_macro   0x0000f9cc      0x264 Drivers/STM32F1xx_HAL_Driver/stm32f1xx_hal_tim_ex.o
 .debug_macro   0x0000fc30      0x265 Drivers/STM32F1xx_HAL_Driver/stm32f1xx_hal_uart.o
 .debug_macro   0x0000fe95      0x26a Drivers/CMSIS/system_stm32f1xx.o
 .debug_macro   0x000100ff      0x282 Application/User/adc.o
 .debug_macro   0x00010381      0x26e Application/User/dma.o
 .debug_macro   0x000105ef      0x26e Application/User/gpio.o
 .debug_macro   0x0001085d      0x2a0 Application/User/main.o
 .debug_macro   0x00010afd      0x278 Application/User/spi.o
 .debug_macro   0x00010d75      0x264 Application/User/stm32f1xx_hal_msp.o
 .debug_macro   0x00010fd9      0x26e Application/User/stm32f1xx_it.o
 .debug_macro   0x00011247      0x278 Application/User/tim.o
 .debug_macro   0x000114bf      0x278 Application/User/usart.o

.debug_line     0x00000000     0xe074
 .debug_line    0x00000000      0x8ba Drivers/STM32F1xx_HAL_Driver/stm32f1xx_hal.o
 .debug_line    0x000008ba      0xd50 Drivers/STM32F1xx_HAL_Driver/stm32f1xx_hal_adc.o
 .debug_line    0x0000160a      0xbc1 Drivers/STM32F1xx_HAL_Driver/stm32f1xx_hal_adc_ex.o
 .debug_line    0x000021cb      0x91a Drivers/STM32F1xx_HAL_Driver/stm32f1xx_hal_cortex.o
 .debug_line    0x00002ae5      0xbcc Drivers/STM32F1xx_HAL_Driver/stm32f1xx_hal_dma.o
 .debug_line    0x000036b1      0x8c8 Drivers/STM32F1xx_HAL_Driver/stm32f1xx_hal_gpio.o
 .debug_line    0x00003f79      0xca7 Drivers/STM32F1xx_HAL_Driver/stm32f1xx_hal_rcc.o
 .debug_line    0x00004c20      0x86e Drivers/STM32F1xx_HAL_Driver/stm32f1xx_hal_rcc_ex.o
 .debug_line    0x0000548e      0x792 Drivers/STM32F1xx_HAL_Driver/stm32f1xx_hal_spi_ex.o
 .debug_line    0x00005c20     0x17ca Drivers/STM32F1xx_HAL_Driver/stm32f1xx_hal_tim.o
 .debug_line    0x000073ea      0xd39 Drivers/STM32F1xx_HAL_Driver/stm32f1xx_hal_tim_ex.o
 .debug_line    0x00008123      0xf12 Drivers/STM32F1xx_HAL_Driver/stm32f1xx_hal_uart.o
 .debug_line    0x00009035      0x7a1 Drivers/CMSIS/system_stm32f1xx.o
 .debug_line    0x000097d6      0x7d4 Application/User/adc.o
 .debug_line    0x00009faa      0x747 Application/User/dma.o
 .debug_line    0x0000a6f1      0x781 Application/User/gpio.o
 .debug_line    0x0000ae72      0xa45 Application/User/main.o
 .debug_line    0x0000b8b7      0x79e Application/User/spi.o
 .debug_line    0x0000c055      0x749 Application/User/stm32f1xx_hal_msp.o
 .debug_line    0x0000c79e      0x7c7 Application/User/stm32f1xx_it.o
 .debug_line    0x0000cf65      0x8a2 Application/User/tim.o
 .debug_line    0x0000d807      0x798 Application/User/usart.o
 .debug_line    0x0000df9f       0xd5 Application/SW4STM32/startup_stm32f103xb.o

.debug_str      0x00000000    0x63f6a
 .debug_str     0x00000000    0x60672 Drivers/STM32F1xx_HAL_Driver/stm32f1xx_hal.o
                              0x60ae6 (size before relaxing)
 .debug_str     0x00060672      0x6c5 Drivers/STM32F1xx_HAL_Driver/stm32f1xx_hal_adc.o
                              0x60b7d (size before relaxing)
 .debug_str     0x00060d37      0x319 Drivers/STM32F1xx_HAL_Driver/stm32f1xx_hal_adc_ex.o
                              0x60b17 (size before relaxing)
 .debug_str     0x00061050      0x300 Drivers/STM32F1xx_HAL_Driver/stm32f1xx_hal_cortex.o
                              0x60ada (size before relaxing)
 .debug_str     0x00061350      0x17e Drivers/STM32F1xx_HAL_Driver/stm32f1xx_hal_dma.o
                              0x60757 (size before relaxing)
 .debug_str     0x000614ce      0x484 Drivers/STM32F1xx_HAL_Driver/stm32f1xx_hal_gpio.o
                              0x608ce (size before relaxing)
 .debug_str     0x00061952      0x358 Drivers/STM32F1xx_HAL_Driver/stm32f1xx_hal_rcc.o
                              0x60896 (size before relaxing)
 .debug_str     0x00061caa      0x139 Drivers/STM32F1xx_HAL_Driver/stm32f1xx_hal_rcc_ex.o
                              0x6060c (size before relaxing)
 .debug_str     0x00061de3      0x263 Drivers/STM32F1xx_HAL_Driver/stm32f1xx_hal_spi_ex.o
                              0x6082c (size before relaxing)
 .debug_str     0x00062046      0xead Drivers/STM32F1xx_HAL_Driver/stm32f1xx_hal_tim.o
                              0x6154f (size before relaxing)
 .debug_str     0x00062ef3      0x4f9 Drivers/STM32F1xx_HAL_Driver/stm32f1xx_hal_tim_ex.o
                              0x60de9 (size before relaxing)
 .debug_str     0x000633ec      0x4ff Drivers/STM32F1xx_HAL_Driver/stm32f1xx_hal_uart.o
                              0x60bbc (size before relaxing)
 .debug_str     0x000638eb       0xb9 Drivers/CMSIS/system_stm32f1xx.o
                              0x60520 (size before relaxing)
 .debug_str     0x000639a4       0x7f Application/User/adc.o
                              0x60863 (size before relaxing)
 .debug_str     0x00063a23       0x42 Application/User/dma.o
                              0x6071d (size before relaxing)
 .debug_str     0x00063a65       0x44 Application/User/gpio.o
                              0x6078a (size before relaxing)
 .debug_str     0x00063aa9      0x2d0 Application/User/main.o
                              0x611a1 (size before relaxing)
 .debug_str     0x00063d79       0x4e Application/User/spi.o
                              0x608de (size before relaxing)
 .debug_str     0x00063dc7       0x44 Application/User/stm32f1xx_hal_msp.o
                              0x6075a (size before relaxing)
 .debug_str     0x00063e0b       0xcd Application/User/stm32f1xx_it.o
                              0x60895 (size before relaxing)
 .debug_str     0x00063ed8       0x53 Application/User/tim.o
                              0x60e87 (size before relaxing)
 .debug_str     0x00063f2b       0x3f Application/User/usart.o
                              0x608b8 (size before relaxing)

.comment        0x00000000       0x70
 .comment       0x00000000       0x70 Drivers/STM32F1xx_HAL_Driver/stm32f1xx_hal.o
                                 0x71 (size before relaxing)
 .comment       0x00000000       0x71 Drivers/STM32F1xx_HAL_Driver/stm32f1xx_hal_adc.o
 .comment       0x00000000       0x71 Drivers/STM32F1xx_HAL_Driver/stm32f1xx_hal_adc_ex.o
 .comment       0x00000000       0x71 Drivers/STM32F1xx_HAL_Driver/stm32f1xx_hal_cortex.o
 .comment       0x00000000       0x71 Drivers/STM32F1xx_HAL_Driver/stm32f1xx_hal_dma.o
 .comment       0x00000000       0x71 Drivers/STM32F1xx_HAL_Driver/stm32f1xx_hal_gpio.o
 .comment       0x00000000       0x71 Drivers/STM32F1xx_HAL_Driver/stm32f1xx_hal_rcc.o
 .comment       0x00000000       0x71 Drivers/STM32F1xx_HAL_Driver/stm32f1xx_hal_rcc_ex.o
 .comment       0x00000000       0x71 Drivers/STM32F1xx_HAL_Driver/stm32f1xx_hal_spi_ex.o
 .comment       0x00000000       0x71 Drivers/STM32F1xx_HAL_Driver/stm32f1xx_hal_tim.o
 .comment       0x00000000       0x71 Drivers/STM32F1xx_HAL_Driver/stm32f1xx_hal_tim_ex.o
 .comment       0x00000000       0x71 Drivers/STM32F1xx_HAL_Driver/stm32f1xx_hal_uart.o
 .comment       0x00000000       0x71 Drivers/CMSIS/system_stm32f1xx.o
 .comment       0x00000000       0x71 Application/User/adc.o
 .comment       0x00000000       0x71 Application/User/dma.o
 .comment       0x00000000       0x71 Application/User/gpio.o
 .comment       0x00000000       0x71 Application/User/main.o
 .comment       0x00000000       0x71 Application/User/spi.o
 .comment       0x00000000       0x71 Application/User/stm32f1xx_hal_msp.o
 .comment       0x00000000       0x71 Application/User/stm32f1xx_it.o
 .comment       0x00000000       0x71 Application/User/tim.o
 .comment       0x00000000       0x71 Application/User/usart.o

.debug_frame    0x00000000     0x1ebc
 .debug_frame   0x00000000      0x164 Drivers/STM32F1xx_HAL_Driver/stm32f1xx_hal.o
 .debug_frame   0x00000164      0x294 Drivers/STM32F1xx_HAL_Driver/stm32f1xx_hal_adc.o
 .debug_frame   0x000003f8      0x170 Drivers/STM32F1xx_HAL_Driver/stm32f1xx_hal_adc_ex.o
 .debug_frame   0x00000568      0x124 Drivers/STM32F1xx_HAL_Driver/stm32f1xx_hal_cortex.o
 .debug_frame   0x0000068c      0x100 Drivers/STM32F1xx_HAL_Driver/stm32f1xx_hal_dma.o
 .debug_frame   0x0000078c       0xc4 Drivers/STM32F1xx_HAL_Driver/stm32f1xx_hal_gpio.o
 .debug_frame   0x00000850      0x160 Drivers/STM32F1xx_HAL_Driver/stm32f1xx_hal_rcc.o
 .debug_frame   0x000009b0       0x68 Drivers/STM32F1xx_HAL_Driver/stm32f1xx_hal_rcc_ex.o
 .debug_frame   0x00000a18       0x38 Drivers/STM32F1xx_HAL_Driver/stm32f1xx_hal_spi_ex.o
 .debug_frame   0x00000a50      0x88c Drivers/STM32F1xx_HAL_Driver/stm32f1xx_hal_tim.o
 .debug_frame   0x000012dc      0x360 Drivers/STM32F1xx_HAL_Driver/stm32f1xx_hal_tim_ex.o
 .debug_frame   0x0000163c      0x318 Drivers/STM32F1xx_HAL_Driver/stm32f1xx_hal_uart.o
 .debug_frame   0x00001954       0x30 Drivers/CMSIS/system_stm32f1xx.o
 .debug_frame   0x00001984       0x70 Application/User/adc.o
 .debug_frame   0x000019f4       0x28 Application/User/dma.o
 .debug_frame   0x00001a1c       0x38 Application/User/gpio.o
 .debug_frame   0x00001a54      0x1ec Application/User/main.o
 .debug_frame   0x00001c40       0x48 Application/User/spi.o
 .debug_frame   0x00001c88       0x28 Application/User/stm32f1xx_hal_msp.o
 .debug_frame   0x00001cb0       0x9c Application/User/stm32f1xx_it.o
 .debug_frame   0x00001d4c       0xfc Application/User/tim.o
 .debug_frame   0x00001e48       0x48 Application/User/usart.o
 .debug_frame   0x00001e90       0x2c c:/ac6/systemworkbench/plugins/fr.ac6.mcu.externaltools.arm-none.win32_1.3.0.201507241045/tools/compiler/bin/../lib/gcc/arm-none-eabi/4.9.3/../../../../arm-none-eabi/lib/armv7-m\libc_nano.a(lib_a-init.o)
