
AVRASM ver. 2.1.30  E:\W\Projects\Hard-Wear\Industerial\TeethPRJ\Debug\List\1.asm Fri Jul 07 09:01:32 2017

E:\W\Projects\Hard-Wear\Industerial\TeethPRJ\Debug\List\1.asm(1089): warning: Register r4 already defined by the .DEF directive
E:\W\Projects\Hard-Wear\Industerial\TeethPRJ\Debug\List\1.asm(1090): warning: Register r5 already defined by the .DEF directive
E:\W\Projects\Hard-Wear\Industerial\TeethPRJ\Debug\List\1.asm(1091): warning: Register r6 already defined by the .DEF directive
E:\W\Projects\Hard-Wear\Industerial\TeethPRJ\Debug\List\1.asm(1092): warning: Register r7 already defined by the .DEF directive
E:\W\Projects\Hard-Wear\Industerial\TeethPRJ\Debug\List\1.asm(1093): warning: Register r9 already defined by the .DEF directive
                 
                 
                 ;CodeVisionAVR C Compiler V3.12 Advanced
                 ;(C) Copyright 1998-2014 Pavel Haiduc, HP InfoTech s.r.l.
                 ;http://www.hpinfotech.com
                 
                 ;Build configuration    : Debug
                 ;Chip type              : ATmega64A
                 ;Program type           : Application
                 ;Clock frequency        : 8.000000 MHz
                 ;Memory model           : Small
                 ;Optimize for           : Size
                 ;(s)printf features     : int, width
                 ;(s)scanf features      : int, width
                 ;External RAM size      : 0
                 ;Data Stack size        : 1024 byte(s)
                 ;Heap size              : 0 byte(s)
                 ;Promote 'char' to 'int': Yes
                 ;'char' is unsigned     : Yes
                 ;8 bit enums            : Yes
                 ;Global 'const' stored in FLASH: Yes
                 ;Enhanced function parameter passing: Yes
                 ;Enhanced core instructions: On
                 ;Automatic register allocation for global variables: On
                 ;Smart register allocation: On
                 
                 	#define _MODEL_SMALL_
                 
                 	#pragma AVRPART ADMIN PART_NAME ATmega64A
                 	#pragma AVRPART MEMORY PROG_FLASH 65536
                 	#pragma AVRPART MEMORY EEPROM 2048
                 	#pragma AVRPART MEMORY INT_SRAM SIZE 4096
                 	#pragma AVRPART MEMORY INT_SRAM START_ADDR 0x100
                 
                 	#define CALL_SUPPORTED 1
                 
                 	.LISTMAC
                 	.EQU UDRE=0x5
                 	.EQU RXC=0x7
                 	.EQU USR=0xB
                 	.EQU UDR=0xC
                 	.EQU SPSR=0xE
                 	.EQU SPDR=0xF
                 	.EQU EERE=0x0
                 	.EQU EEWE=0x1
                 	.EQU EEMWE=0x2
                 	.EQU EECR=0x1C
                 	.EQU EEDR=0x1D
                 	.EQU EEARL=0x1E
                 	.EQU EEARH=0x1F
                 	.EQU WDTCR=0x21
                 	.EQU MCUCR=0x35
                 	.EQU SPL=0x3D
                 	.EQU SPH=0x3E
                 	.EQU SREG=0x3F
                 	.EQU XMCRA=0x6D
                 	.EQU XMCRB=0x6C
                 
                 	.DEF R0X0=R0
                 	.DEF R0X1=R1
                 	.DEF R0X2=R2
                 	.DEF R0X3=R3
                 	.DEF R0X4=R4
                 	.DEF R0X5=R5
                 	.DEF R0X6=R6
                 	.DEF R0X7=R7
                 	.DEF R0X8=R8
                 	.DEF R0X9=R9
                 	.DEF R0XA=R10
                 	.DEF R0XB=R11
                 	.DEF R0XC=R12
                 	.DEF R0XD=R13
                 	.DEF R0XE=R14
                 	.DEF R0XF=R15
                 	.DEF R0X10=R16
                 	.DEF R0X11=R17
                 	.DEF R0X12=R18
                 	.DEF R0X13=R19
                 	.DEF R0X14=R20
                 	.DEF R0X15=R21
                 	.DEF R0X16=R22
                 	.DEF R0X17=R23
                 	.DEF R0X18=R24
                 	.DEF R0X19=R25
                 	.DEF R0X1A=R26
                 	.DEF R0X1B=R27
                 	.DEF R0X1C=R28
                 	.DEF R0X1D=R29
                 	.DEF R0X1E=R30
                 	.DEF R0X1F=R31
                 
                 	.EQU __SRAM_START=0x0100
                 	.EQU __SRAM_END=0x10FF
                 	.EQU __DSTACK_SIZE=0x0400
                 	.EQU __HEAP_SIZE=0x0000
                 	.EQU __CLEAR_SRAM_SIZE=__SRAM_END-__SRAM_START+1
                 
                 	.MACRO __CPD1N
                 	CPI  R30,LOW(@0)
                 	LDI  R26,HIGH(@0)
                 	CPC  R31,R26
                 	LDI  R26,BYTE3(@0)
                 	CPC  R22,R26
                 	LDI  R26,BYTE4(@0)
                 	CPC  R23,R26
                 	.ENDM
                 
                 	.MACRO __CPD2N
                 	CPI  R26,LOW(@0)
                 	LDI  R30,HIGH(@0)
                 	CPC  R27,R30
                 	LDI  R30,BYTE3(@0)
                 	CPC  R24,R30
                 	LDI  R30,BYTE4(@0)
                 	CPC  R25,R30
                 	.ENDM
                 
                 	.MACRO __CPWRR
                 	CP   R@0,R@2
                 	CPC  R@1,R@3
                 	.ENDM
                 
                 	.MACRO __CPWRN
                 	CPI  R@0,LOW(@2)
                 	LDI  R30,HIGH(@2)
                 	CPC  R@1,R30
                 	.ENDM
                 
                 	.MACRO __ADDB1MN
                 	SUBI R30,LOW(-@0-(@1))
                 	.ENDM
                 
                 	.MACRO __ADDB2MN
                 	SUBI R26,LOW(-@0-(@1))
                 	.ENDM
                 
                 	.MACRO __ADDW1MN
                 	SUBI R30,LOW(-@0-(@1))
                 	SBCI R31,HIGH(-@0-(@1))
                 	.ENDM
                 
                 	.MACRO __ADDW2MN
                 	SUBI R26,LOW(-@0-(@1))
                 	SBCI R27,HIGH(-@0-(@1))
                 	.ENDM
                 
                 	.MACRO __ADDW1FN
                 	SUBI R30,LOW(-2*@0-(@1))
                 	SBCI R31,HIGH(-2*@0-(@1))
                 	.ENDM
                 
                 	.MACRO __ADDD1FN
                 	SUBI R30,LOW(-2*@0-(@1))
                 	SBCI R31,HIGH(-2*@0-(@1))
                 	SBCI R22,BYTE3(-2*@0-(@1))
                 	.ENDM
                 
                 	.MACRO __ADDD1N
                 	SUBI R30,LOW(-@0)
                 	SBCI R31,HIGH(-@0)
                 	SBCI R22,BYTE3(-@0)
                 	SBCI R23,BYTE4(-@0)
                 	.ENDM
                 
                 	.MACRO __ADDD2N
                 	SUBI R26,LOW(-@0)
                 	SBCI R27,HIGH(-@0)
                 	SBCI R24,BYTE3(-@0)
                 	SBCI R25,BYTE4(-@0)
                 	.ENDM
                 
                 	.MACRO __SUBD1N
                 	SUBI R30,LOW(@0)
                 	SBCI R31,HIGH(@0)
                 	SBCI R22,BYTE3(@0)
                 	SBCI R23,BYTE4(@0)
                 	.ENDM
                 
                 	.MACRO __SUBD2N
                 	SUBI R26,LOW(@0)
                 	SBCI R27,HIGH(@0)
                 	SBCI R24,BYTE3(@0)
                 	SBCI R25,BYTE4(@0)
                 	.ENDM
                 
                 	.MACRO __ANDBMNN
                 	LDS  R30,@0+(@1)
                 	ANDI R30,LOW(@2)
                 	STS  @0+(@1),R30
                 	.ENDM
                 
                 	.MACRO __ANDWMNN
                 	LDS  R30,@0+(@1)
                 	ANDI R30,LOW(@2)
                 	STS  @0+(@1),R30
                 	LDS  R30,@0+(@1)+1
                 	ANDI R30,HIGH(@2)
                 	STS  @0+(@1)+1,R30
                 	.ENDM
                 
                 	.MACRO __ANDD1N
                 	ANDI R30,LOW(@0)
                 	ANDI R31,HIGH(@0)
                 	ANDI R22,BYTE3(@0)
                 	ANDI R23,BYTE4(@0)
                 	.ENDM
                 
                 	.MACRO __ANDD2N
                 	ANDI R26,LOW(@0)
                 	ANDI R27,HIGH(@0)
                 	ANDI R24,BYTE3(@0)
                 	ANDI R25,BYTE4(@0)
                 	.ENDM
                 
                 	.MACRO __ORBMNN
                 	LDS  R30,@0+(@1)
                 	ORI  R30,LOW(@2)
                 	STS  @0+(@1),R30
                 	.ENDM
                 
                 	.MACRO __ORWMNN
                 	LDS  R30,@0+(@1)
                 	ORI  R30,LOW(@2)
                 	STS  @0+(@1),R30
                 	LDS  R30,@0+(@1)+1
                 	ORI  R30,HIGH(@2)
                 	STS  @0+(@1)+1,R30
                 	.ENDM
                 
                 	.MACRO __ORD1N
                 	ORI  R30,LOW(@0)
                 	ORI  R31,HIGH(@0)
                 	ORI  R22,BYTE3(@0)
                 	ORI  R23,BYTE4(@0)
                 	.ENDM
                 
                 	.MACRO __ORD2N
                 	ORI  R26,LOW(@0)
                 	ORI  R27,HIGH(@0)
                 	ORI  R24,BYTE3(@0)
                 	ORI  R25,BYTE4(@0)
                 	.ENDM
                 
                 	.MACRO __DELAY_USB
                 	LDI  R24,LOW(@0)
                 __DELAY_USB_LOOP:
                 	DEC  R24
                 	BRNE __DELAY_USB_LOOP
                 	.ENDM
                 
                 	.MACRO __DELAY_USW
                 	LDI  R24,LOW(@0)
                 	LDI  R25,HIGH(@0)
                 __DELAY_USW_LOOP:
                 	SBIW R24,1
                 	BRNE __DELAY_USW_LOOP
                 	.ENDM
                 
                 	.MACRO __GETD1S
                 	LDD  R30,Y+@0
                 	LDD  R31,Y+@0+1
                 	LDD  R22,Y+@0+2
                 	LDD  R23,Y+@0+3
                 	.ENDM
                 
                 	.MACRO __GETD2S
                 	LDD  R26,Y+@0
                 	LDD  R27,Y+@0+1
                 	LDD  R24,Y+@0+2
                 	LDD  R25,Y+@0+3
                 	.ENDM
                 
                 	.MACRO __PUTD1S
                 	STD  Y+@0,R30
                 	STD  Y+@0+1,R31
                 	STD  Y+@0+2,R22
                 	STD  Y+@0+3,R23
                 	.ENDM
                 
                 	.MACRO __PUTD2S
                 	STD  Y+@0,R26
                 	STD  Y+@0+1,R27
                 	STD  Y+@0+2,R24
                 	STD  Y+@0+3,R25
                 	.ENDM
                 
                 	.MACRO __PUTDZ2
                 	STD  Z+@0,R26
                 	STD  Z+@0+1,R27
                 	STD  Z+@0+2,R24
                 	STD  Z+@0+3,R25
                 	.ENDM
                 
                 	.MACRO __CLRD1S
                 	STD  Y+@0,R30
                 	STD  Y+@0+1,R30
                 	STD  Y+@0+2,R30
                 	STD  Y+@0+3,R30
                 	.ENDM
                 
                 	.MACRO __POINTB1MN
                 	LDI  R30,LOW(@0+(@1))
                 	.ENDM
                 
                 	.MACRO __POINTW1MN
                 	LDI  R30,LOW(@0+(@1))
                 	LDI  R31,HIGH(@0+(@1))
                 	.ENDM
                 
                 	.MACRO __POINTD1M
                 	LDI  R30,LOW(@0)
                 	LDI  R31,HIGH(@0)
                 	LDI  R22,BYTE3(@0)
                 	LDI  R23,BYTE4(@0)
                 	.ENDM
                 
                 	.MACRO __POINTW1FN
                 	LDI  R30,LOW(2*@0+(@1))
                 	LDI  R31,HIGH(2*@0+(@1))
                 	.ENDM
                 
                 	.MACRO __POINTD1FN
                 	LDI  R30,LOW(2*@0+(@1))
                 	LDI  R31,HIGH(2*@0+(@1))
                 	LDI  R22,BYTE3(2*@0+(@1))
                 	LDI  R23,BYTE4(2*@0+(@1))
                 	.ENDM
                 
                 	.MACRO __POINTB2MN
                 	LDI  R26,LOW(@0+(@1))
                 	.ENDM
                 
                 	.MACRO __POINTW2MN
                 	LDI  R26,LOW(@0+(@1))
                 	LDI  R27,HIGH(@0+(@1))
                 	.ENDM
                 
                 	.MACRO __POINTW2FN
                 	LDI  R26,LOW(2*@0+(@1))
                 	LDI  R27,HIGH(2*@0+(@1))
                 	.ENDM
                 
                 	.MACRO __POINTD2FN
                 	LDI  R26,LOW(2*@0+(@1))
                 	LDI  R27,HIGH(2*@0+(@1))
                 	LDI  R24,BYTE3(2*@0+(@1))
                 	LDI  R25,BYTE4(2*@0+(@1))
                 	.ENDM
                 
                 	.MACRO __POINTBRM
                 	LDI  R@0,LOW(@1)
                 	.ENDM
                 
                 	.MACRO __POINTWRM
                 	LDI  R@0,LOW(@2)
                 	LDI  R@1,HIGH(@2)
                 	.ENDM
                 
                 	.MACRO __POINTBRMN
                 	LDI  R@0,LOW(@1+(@2))
                 	.ENDM
                 
                 	.MACRO __POINTWRMN
                 	LDI  R@0,LOW(@2+(@3))
                 	LDI  R@1,HIGH(@2+(@3))
                 	.ENDM
                 
                 	.MACRO __POINTWRFN
                 	LDI  R@0,LOW(@2*2+(@3))
                 	LDI  R@1,HIGH(@2*2+(@3))
                 	.ENDM
                 
                 	.MACRO __GETD1N
                 	LDI  R30,LOW(@0)
                 	LDI  R31,HIGH(@0)
                 	LDI  R22,BYTE3(@0)
                 	LDI  R23,BYTE4(@0)
                 	.ENDM
                 
                 	.MACRO __GETD2N
                 	LDI  R26,LOW(@0)
                 	LDI  R27,HIGH(@0)
                 	LDI  R24,BYTE3(@0)
                 	LDI  R25,BYTE4(@0)
                 	.ENDM
                 
                 	.MACRO __GETB1MN
                 	LDS  R30,@0+(@1)
                 	.ENDM
                 
                 	.MACRO __GETB1HMN
                 	LDS  R31,@0+(@1)
                 	.ENDM
                 
                 	.MACRO __GETW1MN
                 	LDS  R30,@0+(@1)
                 	LDS  R31,@0+(@1)+1
                 	.ENDM
                 
                 	.MACRO __GETD1MN
                 	LDS  R30,@0+(@1)
                 	LDS  R31,@0+(@1)+1
                 	LDS  R22,@0+(@1)+2
                 	LDS  R23,@0+(@1)+3
                 	.ENDM
                 
                 	.MACRO __GETBRMN
                 	LDS  R@0,@1+(@2)
                 	.ENDM
                 
                 	.MACRO __GETWRMN
                 	LDS  R@0,@2+(@3)
                 	LDS  R@1,@2+(@3)+1
                 	.ENDM
                 
                 	.MACRO __GETWRZ
                 	LDD  R@0,Z+@2
                 	LDD  R@1,Z+@2+1
                 	.ENDM
                 
                 	.MACRO __GETD2Z
                 	LDD  R26,Z+@0
                 	LDD  R27,Z+@0+1
                 	LDD  R24,Z+@0+2
                 	LDD  R25,Z+@0+3
                 	.ENDM
                 
                 	.MACRO __GETB2MN
                 	LDS  R26,@0+(@1)
                 	.ENDM
                 
                 	.MACRO __GETW2MN
                 	LDS  R26,@0+(@1)
                 	LDS  R27,@0+(@1)+1
                 	.ENDM
                 
                 	.MACRO __GETD2MN
                 	LDS  R26,@0+(@1)
                 	LDS  R27,@0+(@1)+1
                 	LDS  R24,@0+(@1)+2
                 	LDS  R25,@0+(@1)+3
                 	.ENDM
                 
                 	.MACRO __PUTB1MN
                 	STS  @0+(@1),R30
                 	.ENDM
                 
                 	.MACRO __PUTW1MN
                 	STS  @0+(@1),R30
                 	STS  @0+(@1)+1,R31
                 	.ENDM
                 
                 	.MACRO __PUTD1MN
                 	STS  @0+(@1),R30
                 	STS  @0+(@1)+1,R31
                 	STS  @0+(@1)+2,R22
                 	STS  @0+(@1)+3,R23
                 	.ENDM
                 
                 	.MACRO __PUTB1EN
                 	LDI  R26,LOW(@0+(@1))
                 	LDI  R27,HIGH(@0+(@1))
                 	CALL __EEPROMWRB
                 	.ENDM
                 
                 	.MACRO __PUTW1EN
                 	LDI  R26,LOW(@0+(@1))
                 	LDI  R27,HIGH(@0+(@1))
                 	CALL __EEPROMWRW
                 	.ENDM
                 
                 	.MACRO __PUTD1EN
                 	LDI  R26,LOW(@0+(@1))
                 	LDI  R27,HIGH(@0+(@1))
                 	CALL __EEPROMWRD
                 	.ENDM
                 
                 	.MACRO __PUTBR0MN
                 	STS  @0+(@1),R0
                 	.ENDM
                 
                 	.MACRO __PUTBMRN
                 	STS  @0+(@1),R@2
                 	.ENDM
                 
                 	.MACRO __PUTWMRN
                 	STS  @0+(@1),R@2
                 	STS  @0+(@1)+1,R@3
                 	.ENDM
                 
                 	.MACRO __PUTBZR
                 	STD  Z+@1,R@0
                 	.ENDM
                 
                 	.MACRO __PUTWZR
                 	STD  Z+@2,R@0
                 	STD  Z+@2+1,R@1
                 	.ENDM
                 
                 	.MACRO __GETW1R
                 	MOV  R30,R@0
                 	MOV  R31,R@1
                 	.ENDM
                 
                 	.MACRO __GETW2R
                 	MOV  R26,R@0
                 	MOV  R27,R@1
                 	.ENDM
                 
                 	.MACRO __GETWRN
                 	LDI  R@0,LOW(@2)
                 	LDI  R@1,HIGH(@2)
                 	.ENDM
                 
                 	.MACRO __PUTW1R
                 	MOV  R@0,R30
                 	MOV  R@1,R31
                 	.ENDM
                 
                 	.MACRO __PUTW2R
                 	MOV  R@0,R26
                 	MOV  R@1,R27
                 	.ENDM
                 
                 	.MACRO __ADDWRN
                 	SUBI R@0,LOW(-@2)
                 	SBCI R@1,HIGH(-@2)
                 	.ENDM
                 
                 	.MACRO __ADDWRR
                 	ADD  R@0,R@2
                 	ADC  R@1,R@3
                 	.ENDM
                 
                 	.MACRO __SUBWRN
                 	SUBI R@0,LOW(@2)
                 	SBCI R@1,HIGH(@2)
                 	.ENDM
                 
                 	.MACRO __SUBWRR
                 	SUB  R@0,R@2
                 	SBC  R@1,R@3
                 	.ENDM
                 
                 	.MACRO __ANDWRN
                 	ANDI R@0,LOW(@2)
                 	ANDI R@1,HIGH(@2)
                 	.ENDM
                 
                 	.MACRO __ANDWRR
                 	AND  R@0,R@2
                 	AND  R@1,R@3
                 	.ENDM
                 
                 	.MACRO __ORWRN
                 	ORI  R@0,LOW(@2)
                 	ORI  R@1,HIGH(@2)
                 	.ENDM
                 
                 	.MACRO __ORWRR
                 	OR   R@0,R@2
                 	OR   R@1,R@3
                 	.ENDM
                 
                 	.MACRO __EORWRR
                 	EOR  R@0,R@2
                 	EOR  R@1,R@3
                 	.ENDM
                 
                 	.MACRO __GETWRS
                 	LDD  R@0,Y+@2
                 	LDD  R@1,Y+@2+1
                 	.ENDM
                 
                 	.MACRO __PUTBSR
                 	STD  Y+@1,R@0
                 	.ENDM
                 
                 	.MACRO __PUTWSR
                 	STD  Y+@2,R@0
                 	STD  Y+@2+1,R@1
                 	.ENDM
                 
                 	.MACRO __MOVEWRR
                 	MOV  R@0,R@2
                 	MOV  R@1,R@3
                 	.ENDM
                 
                 	.MACRO __INWR
                 	IN   R@0,@2
                 	IN   R@1,@2+1
                 	.ENDM
                 
                 	.MACRO __OUTWR
                 	OUT  @2+1,R@1
                 	OUT  @2,R@0
                 	.ENDM
                 
                 	.MACRO __CALL1MN
                 	LDS  R30,@0+(@1)
                 	LDS  R31,@0+(@1)+1
                 	ICALL
                 	.ENDM
                 
                 	.MACRO __CALL1FN
                 	LDI  R30,LOW(2*@0+(@1))
                 	LDI  R31,HIGH(2*@0+(@1))
                 	CALL __GETW1PF
                 	ICALL
                 	.ENDM
                 
                 	.MACRO __CALL2EN
                 	PUSH R26
                 	PUSH R27
                 	LDI  R26,LOW(@0+(@1))
                 	LDI  R27,HIGH(@0+(@1))
                 	CALL __EEPROMRDW
                 	POP  R27
                 	POP  R26
                 	ICALL
                 	.ENDM
                 
                 	.MACRO __CALL2EX
                 	SUBI R26,LOW(-@0)
                 	SBCI R27,HIGH(-@0)
                 	CALL __EEPROMRDD
                 	ICALL
                 	.ENDM
                 
                 	.MACRO __GETW1STACK
                 	IN   R30,SPL
                 	IN   R31,SPH
                 	ADIW R30,@0+1
                 	LD   R0,Z+
                 	LD   R31,Z
                 	MOV  R30,R0
                 	.ENDM
                 
                 	.MACRO __GETD1STACK
                 	IN   R30,SPL
                 	IN   R31,SPH
                 	ADIW R30,@0+1
                 	LD   R0,Z+
                 	LD   R1,Z+
                 	LD   R22,Z
                 	MOVW R30,R0
                 	.ENDM
                 
                 	.MACRO __NBST
                 	BST  R@0,@1
                 	IN   R30,SREG
                 	LDI  R31,0x40
                 	EOR  R30,R31
                 	OUT  SREG,R30
                 	.ENDM
                 
                 
                 	.MACRO __PUTB1SN
                 	LDD  R26,Y+@0
                 	LDD  R27,Y+@0+1
                 	SUBI R26,LOW(-@1)
                 	SBCI R27,HIGH(-@1)
                 	ST   X,R30
                 	.ENDM
                 
                 	.MACRO __PUTW1SN
                 	LDD  R26,Y+@0
                 	LDD  R27,Y+@0+1
                 	SUBI R26,LOW(-@1)
                 	SBCI R27,HIGH(-@1)
                 	ST   X+,R30
                 	ST   X,R31
                 	.ENDM
                 
                 	.MACRO __PUTD1SN
                 	LDD  R26,Y+@0
                 	LDD  R27,Y+@0+1
                 	SUBI R26,LOW(-@1)
                 	SBCI R27,HIGH(-@1)
                 	CALL __PUTDP1
                 	.ENDM
                 
                 	.MACRO __PUTB1SNS
                 	LDD  R26,Y+@0
                 	LDD  R27,Y+@0+1
                 	ADIW R26,@1
                 	ST   X,R30
                 	.ENDM
                 
                 	.MACRO __PUTW1SNS
                 	LDD  R26,Y+@0
                 	LDD  R27,Y+@0+1
                 	ADIW R26,@1
                 	ST   X+,R30
                 	ST   X,R31
                 	.ENDM
                 
                 	.MACRO __PUTD1SNS
                 	LDD  R26,Y+@0
                 	LDD  R27,Y+@0+1
                 	ADIW R26,@1
                 	CALL __PUTDP1
                 	.ENDM
                 
                 	.MACRO __PUTB1PMN
                 	LDS  R26,@0
                 	LDS  R27,@0+1
                 	SUBI R26,LOW(-@1)
                 	SBCI R27,HIGH(-@1)
                 	ST   X,R30
                 	.ENDM
                 
                 	.MACRO __PUTW1PMN
                 	LDS  R26,@0
                 	LDS  R27,@0+1
                 	SUBI R26,LOW(-@1)
                 	SBCI R27,HIGH(-@1)
                 	ST   X+,R30
                 	ST   X,R31
                 	.ENDM
                 
                 	.MACRO __PUTD1PMN
                 	LDS  R26,@0
                 	LDS  R27,@0+1
                 	SUBI R26,LOW(-@1)
                 	SBCI R27,HIGH(-@1)
                 	CALL __PUTDP1
                 	.ENDM
                 
                 	.MACRO __PUTB1PMNS
                 	LDS  R26,@0
                 	LDS  R27,@0+1
                 	ADIW R26,@1
                 	ST   X,R30
                 	.ENDM
                 
                 	.MACRO __PUTW1PMNS
                 	LDS  R26,@0
                 	LDS  R27,@0+1
                 	ADIW R26,@1
                 	ST   X+,R30
                 	ST   X,R31
                 	.ENDM
                 
                 	.MACRO __PUTD1PMNS
                 	LDS  R26,@0
                 	LDS  R27,@0+1
                 	ADIW R26,@1
                 	CALL __PUTDP1
                 	.ENDM
                 
                 	.MACRO __PUTB1RN
                 	MOVW R26,R@0
                 	SUBI R26,LOW(-@1)
                 	SBCI R27,HIGH(-@1)
                 	ST   X,R30
                 	.ENDM
                 
                 	.MACRO __PUTW1RN
                 	MOVW R26,R@0
                 	SUBI R26,LOW(-@1)
                 	SBCI R27,HIGH(-@1)
                 	ST   X+,R30
                 	ST   X,R31
                 	.ENDM
                 
                 	.MACRO __PUTD1RN
                 	MOVW R26,R@0
                 	SUBI R26,LOW(-@1)
                 	SBCI R27,HIGH(-@1)
                 	CALL __PUTDP1
                 	.ENDM
                 
                 	.MACRO __PUTB1RNS
                 	MOVW R26,R@0
                 	ADIW R26,@1
                 	ST   X,R30
                 	.ENDM
                 
                 	.MACRO __PUTW1RNS
                 	MOVW R26,R@0
                 	ADIW R26,@1
                 	ST   X+,R30
                 	ST   X,R31
                 	.ENDM
                 
                 	.MACRO __PUTD1RNS
                 	MOVW R26,R@0
                 	ADIW R26,@1
                 	CALL __PUTDP1
                 	.ENDM
                 
                 	.MACRO __PUTB1RON
                 	MOV  R26,R@0
                 	MOV  R27,R@1
                 	SUBI R26,LOW(-@2)
                 	SBCI R27,HIGH(-@2)
                 	ST   X,R30
                 	.ENDM
                 
                 	.MACRO __PUTW1RON
                 	MOV  R26,R@0
                 	MOV  R27,R@1
                 	SUBI R26,LOW(-@2)
                 	SBCI R27,HIGH(-@2)
                 	ST   X+,R30
                 	ST   X,R31
                 	.ENDM
                 
                 	.MACRO __PUTD1RON
                 	MOV  R26,R@0
                 	MOV  R27,R@1
                 	SUBI R26,LOW(-@2)
                 	SBCI R27,HIGH(-@2)
                 	CALL __PUTDP1
                 	.ENDM
                 
                 	.MACRO __PUTB1RONS
                 	MOV  R26,R@0
                 	MOV  R27,R@1
                 	ADIW R26,@2
                 	ST   X,R30
                 	.ENDM
                 
                 	.MACRO __PUTW1RONS
                 	MOV  R26,R@0
                 	MOV  R27,R@1
                 	ADIW R26,@2
                 	ST   X+,R30
                 	ST   X,R31
                 	.ENDM
                 
                 	.MACRO __PUTD1RONS
                 	MOV  R26,R@0
                 	MOV  R27,R@1
                 	ADIW R26,@2
                 	CALL __PUTDP1
                 	.ENDM
                 
                 
                 	.MACRO __GETB1SX
                 	MOVW R30,R28
                 	SUBI R30,LOW(-@0)
                 	SBCI R31,HIGH(-@0)
                 	LD   R30,Z
                 	.ENDM
                 
                 	.MACRO __GETB1HSX
                 	MOVW R30,R28
                 	SUBI R30,LOW(-@0)
                 	SBCI R31,HIGH(-@0)
                 	LD   R31,Z
                 	.ENDM
                 
                 	.MACRO __GETW1SX
                 	MOVW R30,R28
                 	SUBI R30,LOW(-@0)
                 	SBCI R31,HIGH(-@0)
                 	LD   R0,Z+
                 	LD   R31,Z
                 	MOV  R30,R0
                 	.ENDM
                 
                 	.MACRO __GETD1SX
                 	MOVW R30,R28
                 	SUBI R30,LOW(-@0)
                 	SBCI R31,HIGH(-@0)
                 	LD   R0,Z+
                 	LD   R1,Z+
                 	LD   R22,Z+
                 	LD   R23,Z
                 	MOVW R30,R0
                 	.ENDM
                 
                 	.MACRO __GETB2SX
                 	MOVW R26,R28
                 	SUBI R26,LOW(-@0)
                 	SBCI R27,HIGH(-@0)
                 	LD   R26,X
                 	.ENDM
                 
                 	.MACRO __GETW2SX
                 	MOVW R26,R28
                 	SUBI R26,LOW(-@0)
                 	SBCI R27,HIGH(-@0)
                 	LD   R0,X+
                 	LD   R27,X
                 	MOV  R26,R0
                 	.ENDM
                 
                 	.MACRO __GETD2SX
                 	MOVW R26,R28
                 	SUBI R26,LOW(-@0)
                 	SBCI R27,HIGH(-@0)
                 	LD   R0,X+
                 	LD   R1,X+
                 	LD   R24,X+
                 	LD   R25,X
                 	MOVW R26,R0
                 	.ENDM
                 
                 	.MACRO __GETBRSX
                 	MOVW R30,R28
                 	SUBI R30,LOW(-@1)
                 	SBCI R31,HIGH(-@1)
                 	LD   R@0,Z
                 	.ENDM
                 
                 	.MACRO __GETWRSX
                 	MOVW R30,R28
                 	SUBI R30,LOW(-@2)
                 	SBCI R31,HIGH(-@2)
                 	LD   R@0,Z+
                 	LD   R@1,Z
                 	.ENDM
                 
                 	.MACRO __GETBRSX2
                 	MOVW R26,R28
                 	SUBI R26,LOW(-@1)
                 	SBCI R27,HIGH(-@1)
                 	LD   R@0,X
                 	.ENDM
                 
                 	.MACRO __GETWRSX2
                 	MOVW R26,R28
                 	SUBI R26,LOW(-@2)
                 	SBCI R27,HIGH(-@2)
                 	LD   R@0,X+
                 	LD   R@1,X
                 	.ENDM
                 
                 	.MACRO __LSLW8SX
                 	MOVW R30,R28
                 	SUBI R30,LOW(-@0)
                 	SBCI R31,HIGH(-@0)
                 	LD   R31,Z
                 	CLR  R30
                 	.ENDM
                 
                 	.MACRO __PUTB1SX
                 	MOVW R26,R28
                 	SUBI R26,LOW(-@0)
                 	SBCI R27,HIGH(-@0)
                 	ST   X,R30
                 	.ENDM
                 
                 	.MACRO __PUTW1SX
                 	MOVW R26,R28
                 	SUBI R26,LOW(-@0)
                 	SBCI R27,HIGH(-@0)
                 	ST   X+,R30
                 	ST   X,R31
                 	.ENDM
                 
                 	.MACRO __PUTD1SX
                 	MOVW R26,R28
                 	SUBI R26,LOW(-@0)
                 	SBCI R27,HIGH(-@0)
                 	ST   X+,R30
                 	ST   X+,R31
                 	ST   X+,R22
                 	ST   X,R23
                 	.ENDM
                 
                 	.MACRO __CLRW1SX
                 	MOVW R26,R28
                 	SUBI R26,LOW(-@0)
                 	SBCI R27,HIGH(-@0)
                 	ST   X+,R30
                 	ST   X,R30
                 	.ENDM
                 
                 	.MACRO __CLRD1SX
                 	MOVW R26,R28
                 	SUBI R26,LOW(-@0)
                 	SBCI R27,HIGH(-@0)
                 	ST   X+,R30
                 	ST   X+,R30
                 	ST   X+,R30
                 	ST   X,R30
                 	.ENDM
                 
                 	.MACRO __PUTB2SX
                 	MOVW R30,R28
                 	SUBI R30,LOW(-@0)
                 	SBCI R31,HIGH(-@0)
                 	ST   Z,R26
                 	.ENDM
                 
                 	.MACRO __PUTW2SX
                 	MOVW R30,R28
                 	SUBI R30,LOW(-@0)
                 	SBCI R31,HIGH(-@0)
                 	ST   Z+,R26
                 	ST   Z,R27
                 	.ENDM
                 
                 	.MACRO __PUTD2SX
                 	MOVW R30,R28
                 	SUBI R30,LOW(-@0)
                 	SBCI R31,HIGH(-@0)
                 	ST   Z+,R26
                 	ST   Z+,R27
                 	ST   Z+,R24
                 	ST   Z,R25
                 	.ENDM
                 
                 	.MACRO __PUTBSRX
                 	MOVW R30,R28
                 	SUBI R30,LOW(-@1)
                 	SBCI R31,HIGH(-@1)
                 	ST   Z,R@0
                 	.ENDM
                 
                 	.MACRO __PUTWSRX
                 	MOVW R30,R28
                 	SUBI R30,LOW(-@2)
                 	SBCI R31,HIGH(-@2)
                 	ST   Z+,R@0
                 	ST   Z,R@1
                 	.ENDM
                 
                 	.MACRO __PUTB1SNX
                 	MOVW R26,R28
                 	SUBI R26,LOW(-@0)
                 	SBCI R27,HIGH(-@0)
                 	LD   R0,X+
                 	LD   R27,X
                 	MOV  R26,R0
                 	SUBI R26,LOW(-@1)
                 	SBCI R27,HIGH(-@1)
                 	ST   X,R30
                 	.ENDM
                 
                 	.MACRO __PUTW1SNX
                 	MOVW R26,R28
                 	SUBI R26,LOW(-@0)
                 	SBCI R27,HIGH(-@0)
                 	LD   R0,X+
                 	LD   R27,X
                 	MOV  R26,R0
                 	SUBI R26,LOW(-@1)
                 	SBCI R27,HIGH(-@1)
                 	ST   X+,R30
                 	ST   X,R31
                 	.ENDM
                 
                 	.MACRO __PUTD1SNX
                 	MOVW R26,R28
                 	SUBI R26,LOW(-@0)
                 	SBCI R27,HIGH(-@0)
                 	LD   R0,X+
                 	LD   R27,X
                 	MOV  R26,R0
                 	SUBI R26,LOW(-@1)
                 	SBCI R27,HIGH(-@1)
                 	ST   X+,R30
                 	ST   X+,R31
                 	ST   X+,R22
                 	ST   X,R23
                 	.ENDM
                 
                 	.MACRO __MULBRR
                 	MULS R@0,R@1
                 	MOVW R30,R0
                 	.ENDM
                 
                 	.MACRO __MULBRRU
                 	MUL  R@0,R@1
                 	MOVW R30,R0
                 	.ENDM
                 
                 	.MACRO __MULBRR0
                 	MULS R@0,R@1
                 	.ENDM
                 
                 	.MACRO __MULBRRU0
                 	MUL  R@0,R@1
                 	.ENDM
                 
                 	.MACRO __MULBNWRU
                 	LDI  R26,@2
                 	MUL  R26,R@0
                 	MOVW R30,R0
                 	MUL  R26,R@1
                 	ADD  R31,R0
                 	.ENDM
                 
                 ;NAME DEFINITIONS FOR GLOBAL VARIABLES ALLOCATED TO REGISTERS
                 	.DEF _i=R4
                 	.DEF _i_msb=R5
                 	.DEF _j=R6
                 	.DEF _j_msb=R7
                 	.DEF _z=R9
                 
                 	.CSEG
                 	.ORG 0x00
                 
                 ;START OF CODE MARKER
                 __START_OF_CODE:
                 
                 ;INTERRUPT VECTORS
000000 940c 0051 	JMP  __RESET
000002 940c 00b3 	JMP  _ext_int0_isr
000004 940c 00bd 	JMP  _ext_int1_isr
000006 940c 00c0 	JMP  _ext_int2_isr
000008 940c 00ca 	JMP  _ext_int3_isr
00000a 940c 00cd 	JMP  _ext_int4_isr
00000c 940c 00d7 	JMP  _ext_int5_isr
00000e 940c 00da 	JMP  _ext_int6_isr
000010 940c 00e4 	JMP  _ext_int7_isr
000012 940c 0000 	JMP  0x00
000014 940c 0000 	JMP  0x00
000016 940c 0000 	JMP  0x00
000018 940c 0000 	JMP  0x00
00001a 940c 0000 	JMP  0x00
00001c 940c 0000 	JMP  0x00
00001e 940c 0000 	JMP  0x00
000020 940c 0080 	JMP  _timer0_ovf_isr
000022 940c 0000 	JMP  0x00
000024 940c 0000 	JMP  0x00
000026 940c 0000 	JMP  0x00
000028 940c 0000 	JMP  0x00
00002a 940c 0000 	JMP  0x00
00002c 940c 0000 	JMP  0x00
00002e 940c 0000 	JMP  0x00
000030 940c 0000 	JMP  0x00
000032 940c 0000 	JMP  0x00
000034 940c 0000 	JMP  0x00
000036 940c 0000 	JMP  0x00
000038 940c 0000 	JMP  0x00
00003a 940c 0000 	JMP  0x00
00003c 940c 0000 	JMP  0x00
00003e 940c 0000 	JMP  0x00
000040 940c 0000 	JMP  0x00
000042 940c 0000 	JMP  0x00
000044 940c 0000 	JMP  0x00
                 
                 _no:
000046 9f03
000047 0d25
000048 4999
000049 1f41      	.DB  0x3,0x9F,0x25,0xD,0x99,0x49,0x41,0x1F
00004a 0901      	.DB  0x1,0x9
                 
                 ;GLOBAL REGISTER VARIABLES INITIALIZATION
                 __REG_VARS:
00004b 0000
00004c 0000      	.DB  0x0,0x0,0x0,0x0
                 
                 
                 __GLOBAL_INI_TBL:
00004d 0004      	.DW  0x04
00004e 0004      	.DW  0x04
00004f 0096      	.DW  __REG_VARS*2
                 
                 _0xFFFFFFFF:
000050 0000      	.DW  0
                 
                 #define __GLOBAL_INI_TBL_PRESENT 1
                 
                 __RESET:
000051 94f8      	CLI
000052 27ee      	CLR  R30
000053 bbec      	OUT  EECR,R30
                 
                 ;INTERRUPT VECTORS ARE PLACED
                 ;AT THE START OF FLASH
000054 e0f1      	LDI  R31,1
000055 bff5      	OUT  MCUCR,R31
000056 bfe5      	OUT  MCUCR,R30
000057 93e0 006c 	STS  XMCRB,R30
                 
                 ;CLEAR R2-R14
000059 e08d      	LDI  R24,(14-2)+1
00005a e0a2      	LDI  R26,2
00005b 27bb      	CLR  R27
                 __CLEAR_REG:
00005c 93ed      	ST   X+,R30
00005d 958a      	DEC  R24
00005e f7e9      	BRNE __CLEAR_REG
                 
                 ;CLEAR SRAM
00005f e080      	LDI  R24,LOW(__CLEAR_SRAM_SIZE)
000060 e190      	LDI  R25,HIGH(__CLEAR_SRAM_SIZE)
000061 e0a0      	LDI  R26,LOW(__SRAM_START)
000062 e0b1      	LDI  R27,HIGH(__SRAM_START)
                 __CLEAR_SRAM:
000063 93ed      	ST   X+,R30
000064 9701      	SBIW R24,1
000065 f7e9      	BRNE __CLEAR_SRAM
                 
                 ;GLOBAL VARIABLES INITIALIZATION
000066 e9ea      	LDI  R30,LOW(__GLOBAL_INI_TBL*2)
000067 e0f0      	LDI  R31,HIGH(__GLOBAL_INI_TBL*2)
                 __GLOBAL_INI_NEXT:
000068 9185      	LPM  R24,Z+
000069 9195      	LPM  R25,Z+
00006a 9700      	SBIW R24,0
00006b f061      	BREQ __GLOBAL_INI_END
00006c 91a5      	LPM  R26,Z+
00006d 91b5      	LPM  R27,Z+
00006e 9005      	LPM  R0,Z+
00006f 9015      	LPM  R1,Z+
000070 01bf      	MOVW R22,R30
000071 01f0      	MOVW R30,R0
                 __GLOBAL_INI_LOOP:
000072 9005      	LPM  R0,Z+
000073 920d      	ST   X+,R0
000074 9701      	SBIW R24,1
000075 f7e1      	BRNE __GLOBAL_INI_LOOP
000076 01fb      	MOVW R30,R22
000077 cff0      	RJMP __GLOBAL_INI_NEXT
                 __GLOBAL_INI_END:
                 
                 ;HARDWARE STACK POINTER INITIALIZATION
000078 efef      	LDI  R30,LOW(__SRAM_END-__HEAP_SIZE)
000079 bfed      	OUT  SPL,R30
00007a e1e0      	LDI  R30,HIGH(__SRAM_END-__HEAP_SIZE)
00007b bfee      	OUT  SPH,R30
                 
                 ;DATA STACK POINTER INITIALIZATION
00007c e0c0      	LDI  R28,LOW(__SRAM_START+__DSTACK_SIZE)
00007d e0d5      	LDI  R29,HIGH(__SRAM_START+__DSTACK_SIZE)
                 
00007e 940c 00f0 	JMP  _main
                 
                 	.ESEG
                 	.ORG 0
                 
                 	.DSEG
                 	.ORG 0x500
                 
                 	.CSEG
                 ;/*******************************************************
                 ;This program was created by the
                 ;CodeWizardAVR V3.12 Advanced
                 ;Automatic Program Generator
                 ;© Copyright 1998-2014 Pavel Haiduc, HP InfoTech s.r.l.
                 ;http://www.hpinfotech.com
                 ;
                 ;Project :
                 ;Version :
                 ;Date    : 7/7/2017
                 ;Author  :
                 ;Company :
                 ;Comments:
                 ;
                 ;
                 ;Chip type               : ATmega64A
                 ;Program type            : Application
                 ;AVR Core Clock frequency: 8.000000 MHz
                 ;Memory model            : Small
                 ;External RAM size       : 0
                 ;Data Stack size         : 1024
                 ;*******************************************************/
                 ;
                 ;#include <mega64a.h>
                 	#ifndef __SLEEP_DEFINED__
                 	#define __SLEEP_DEFINED__
                 	.EQU __se_bit=0x20
                 	.EQU __sm_mask=0x1C
                 	.EQU __sm_powerdown=0x10
                 	.EQU __sm_powersave=0x18
                 	.EQU __sm_standby=0x14
                 	.EQU __sm_ext_standby=0x1C
                 	.EQU __sm_adc_noise_red=0x08
                 	.SET power_ctrl_reg=mcucr
                 	#endif
                 ;#include <delay.h>
                 ;
                 ;#define Buzzer     PORTB.0
                 ;#define Ssr        PORTB.2
                 ;#define Timer_LED  PORTB.1
                 ;#define Expose_LED PORTG.4
                 ;
                 ;
                 ;#define A0         PORTB.3
                 ;#define A1         PORTB.4
                 ;#define A2         PORTB.5
                 ;#define A3         PORTB.6
                 ;#define A4         PORTB.7
                 ;#define A5         PORTE.0
                 ;#define A6         PORTB.3
                 ;#define A7         PORTB.3
                 ;
                 ;#define D0         PIND.7
                 ;#define D1         PIND.6
                 ;#define D2         PIND.5
                 ;#define D3         PIND.4
                 ;
                 ;#define RVG_SW       PINE.6
                 ;#define Timer_SW     PINE.7
                 ;#define Expose_SW    PIND.2
                 ;#define Up_SW        PINE.4
                 ;#define Down_SW      PIND.0
                 ;
                 ;#define Set_Segments PORTF
                 ;
                 ;
                 ;
                 ;// Declare your global variables here
                 ; int i = 0,j=0;
                 ;  char z;
                 ; flash int  time [16] = {790,760,730,600,530,500,450,400,350,420,470,550,650,720,780,800};
                 ; flash char no   [10] = {0b00000011,0b10011111,0b00100101,0b00001101,0b10011001,0b01001001,0b01000001,0b00011111,0b00000 ...
                 ;// Timer 0 overflow interrupt service routine
                 ;interrupt [TIM0_OVF] void  timer0_ovf_isr(void)
                 ; 0000 0040 {
                 
                 	.CSEG
                 _timer0_ovf_isr:
                 ; .FSTART _timer0_ovf_isr
000080 93aa      	ST   -Y,R26
000081 93ba      	ST   -Y,R27
000082 93ea      	ST   -Y,R30
000083 93fa      	ST   -Y,R31
000084 b7ef      	IN   R30,SREG
000085 93ea      	ST   -Y,R30
                 ; 0000 0041         #asm ("cli")
000086 94f8      	cli
                 ; 0000 0042 // Place your code here
                 ; 0000 0043         j++;
000087 01f3      	MOVW R30,R6
000088 9631      	ADIW R30,1
000089 013f      	MOVW R6,R30
                 ; 0000 0044         z = j % 4;
00008a e0a3      	LDI  R26,LOW(3)
00008b e0b0      	LDI  R27,HIGH(3)
00008c 940e 0179 	CALL __MANDW12
00008e 2e9e      	MOV  R9,R30
                 ; 0000 0045         switch(z)
00008f e0f0      	LDI  R31,0
                 ; 0000 0046         {
                 ; 0000 0047         case 0 :
000090 9730      	SBIW R30,0
000091 f419      	BRNE _0x6
                 ; 0000 0048         PORTG = 0x00;
000092 d0d2      	RCALL SUBOPT_0x0
                 ; 0000 0049         PORTG|=(1<<0);
000093 60e1      	ORI  R30,1
000094 c014      	RJMP _0x16
                 ; 0000 004A         break;
                 ; 0000 004B         case 1 :
                 _0x6:
000095 30e1      	CPI  R30,LOW(0x1)
000096 e0a0      	LDI  R26,HIGH(0x1)
000097 07fa      	CPC  R31,R26
000098 f419      	BRNE _0x7
                 ; 0000 004C         PORTG = 0x00;
000099 d0cb      	RCALL SUBOPT_0x0
                 ; 0000 004D         PORTG|=(1<<1);
00009a 60e2      	ORI  R30,2
00009b c00d      	RJMP _0x16
                 ; 0000 004E         break;
                 ; 0000 004F         case 2 :
                 _0x7:
00009c 30e2      	CPI  R30,LOW(0x2)
00009d e0a0      	LDI  R26,HIGH(0x2)
00009e 07fa      	CPC  R31,R26
00009f f419      	BRNE _0x8
                 ; 0000 0050         PORTG = 0x00;
0000a0 d0c4      	RCALL SUBOPT_0x0
                 ; 0000 0051         PORTG|=(1<<2);
0000a1 60e4      	ORI  R30,4
0000a2 c006      	RJMP _0x16
                 ; 0000 0052         break;
                 ; 0000 0053         case 3 :
                 _0x8:
0000a3 30e3      	CPI  R30,LOW(0x3)
0000a4 e0a0      	LDI  R26,HIGH(0x3)
0000a5 07fa      	CPC  R31,R26
0000a6 f421      	BRNE _0x5
                 ; 0000 0054         PORTG = 0x00;
0000a7 d0bd      	RCALL SUBOPT_0x0
                 ; 0000 0055         PORTG|=(1<<3);
0000a8 60e8      	ORI  R30,8
                 _0x16:
0000a9 93e0 0065 	STS  101,R30
                 ; 0000 0056         break;
                 ; 0000 0057 
                 ; 0000 0058         }
                 _0x5:
                 ; 0000 0059         #asm ("sei")
0000ab 9478      	sei
                 ; 0000 005A }
0000ac 91e9      	LD   R30,Y+
0000ad bfef      	OUT  SREG,R30
0000ae 91f9      	LD   R31,Y+
0000af 91e9      	LD   R30,Y+
0000b0 91b9      	LD   R27,Y+
0000b1 91a9      	LD   R26,Y+
0000b2 9518      	RETI
                 ; .FEND
                 ;// External Interrupt 1 service routine
                 ;interrupt [EXT_INT0] void ext_int0_isr(void)
                 ; 0000 005D {
                 _ext_int0_isr:
                 ; .FSTART _ext_int0_isr
0000b3 93ea      	ST   -Y,R30
0000b4 93fa      	ST   -Y,R31
                 ; 0000 005E     #asm ("cli")
0000b5 94f8      	cli
                 ; 0000 005F // Place your code here
                 ; 0000 0060     PORTF = no[0];
0000b6 e8ec      	LDI  R30,LOW(_no*2)
0000b7 e0f0      	LDI  R31,HIGH(_no*2)
0000b8 91e4      	LPM  R30,Z
0000b9 93e0 0062 	STS  98,R30
                 ; 0000 0061     #asm ("sei")
0000bb 9478      	sei
0000bc c030      	RJMP _0x17
                 ; 0000 0062 }
                 ; .FEND
                 ;
                 ;// External Interrupt 1 service routine
                 ;interrupt [EXT_INT1] void ext_int1_isr(void)
                 ; 0000 0066 {
                 _ext_int1_isr:
                 ; .FSTART _ext_int1_isr
                 ; 0000 0067     #asm ("cli")
0000bd 94f8      	cli
                 ; 0000 0068     #asm ("sei")
0000be 9478      	sei
                 ; 0000 0069 // Place your code here
                 ; 0000 006A 
                 ; 0000 006B }
0000bf 9518      	RETI
                 ; .FEND
                 ;
                 ;// External Interrupt 2 service routine
                 ;interrupt [EXT_INT2] void ext_int2_isr(void)
                 ; 0000 006F {
                 _ext_int2_isr:
                 ; .FSTART _ext_int2_isr
0000c0 93ea      	ST   -Y,R30
0000c1 93fa      	ST   -Y,R31
                 ; 0000 0070     #asm ("cli")
0000c2 94f8      	cli
                 ; 0000 0071 // Place your code here
                 ; 0000 0072 PORTF = no[2];
                +
0000c3 e8ee     +LDI R30 , LOW ( 2 * _no + ( 2 ) )
0000c4 e0f0     +LDI R31 , HIGH ( 2 * _no + ( 2 ) )
                 	__POINTW1FN _no,2
0000c5 91e4      	LPM  R30,Z
0000c6 93e0 0062 	STS  98,R30
                 ; 0000 0073     #asm ("sei")
0000c8 9478      	sei
0000c9 c023      	RJMP _0x17
                 ; 0000 0074 }
                 ; .FEND
                 ;
                 ;// External Interrupt 3 service routine
                 ;interrupt [EXT_INT3] void ext_int3_isr(void)
                 ; 0000 0078 {
                 _ext_int3_isr:
                 ; .FSTART _ext_int3_isr
                 ; 0000 0079 // Place your code here
                 ; 0000 007A     #asm ("cli")
0000ca 94f8      	cli
                 ; 0000 007B     #asm ("sei")
0000cb 9478      	sei
                 ; 0000 007C }
0000cc 9518      	RETI
                 ; .FEND
                 ;
                 ;// External Interrupt 4 service routine
                 ;interrupt [EXT_INT4] void ext_int4_isr(void)
                 ; 0000 0080 {
                 _ext_int4_isr:
                 ; .FSTART _ext_int4_isr
0000cd 93ea      	ST   -Y,R30
0000ce 93fa      	ST   -Y,R31
                 ; 0000 0081 // Place your code here
                 ; 0000 0082     #asm ("cli")
0000cf 94f8      	cli
                 ; 0000 0083             PORTF = no[4];
                +
0000d0 e9e0     +LDI R30 , LOW ( 2 * _no + ( 4 ) )
0000d1 e0f0     +LDI R31 , HIGH ( 2 * _no + ( 4 ) )
                 	__POINTW1FN _no,4
0000d2 91e4      	LPM  R30,Z
0000d3 93e0 0062 	STS  98,R30
                 ; 0000 0084 
                 ; 0000 0085     #asm ("sei")
0000d5 9478      	sei
0000d6 c016      	RJMP _0x17
                 ; 0000 0086 }
                 ; .FEND
                 ;
                 ;// External Interrupt 5 service routine
                 ;interrupt [EXT_INT5] void ext_int5_isr(void)
                 ; 0000 008A {
                 _ext_int5_isr:
                 ; .FSTART _ext_int5_isr
                 ; 0000 008B // Place your code here
                 ; 0000 008C     #asm ("cli");
0000d7 94f8      	cli
                 ; 0000 008D     #asm ("sei");
0000d8 9478      	sei
                 ; 0000 008E }
0000d9 9518      	RETI
                 ; .FEND
                 ;
                 ;// External Interrupt 6 service routine
                 ;interrupt [EXT_INT6] void ext_int6_isr(void)
                 ; 0000 0092 {
                 _ext_int6_isr:
                 ; .FSTART _ext_int6_isr
0000da 93ea      	ST   -Y,R30
0000db 93fa      	ST   -Y,R31
                 ; 0000 0093 // Place your code here
                 ; 0000 0094                         #asm ("cli")
0000dc 94f8      	cli
                 ; 0000 0095                         PORTF = no[6];
                +
0000dd e9e2     +LDI R30 , LOW ( 2 * _no + ( 6 ) )
0000de e0f0     +LDI R31 , HIGH ( 2 * _no + ( 6 ) )
                 	__POINTW1FN _no,6
0000df 91e4      	LPM  R30,Z
0000e0 93e0 0062 	STS  98,R30
                 ; 0000 0096                         #asm ("sei")
0000e2 9478      	sei
0000e3 c009      	RJMP _0x17
                 ; 0000 0097 }
                 ; .FEND
                 ;
                 ;// External Interrupt 7 service routine
                 ;interrupt [EXT_INT7] void ext_int7_isr(void)
                 ; 0000 009B {
                 _ext_int7_isr:
                 ; .FSTART _ext_int7_isr
0000e4 93ea      	ST   -Y,R30
0000e5 93fa      	ST   -Y,R31
                 ; 0000 009C // Place your code here
                 ; 0000 009D                                     #asm ("cli")
0000e6 94f8      	cli
                 ; 0000 009E                                     PORTF = no[7];
                +
0000e7 e9e3     +LDI R30 , LOW ( 2 * _no + ( 7 ) )
0000e8 e0f0     +LDI R31 , HIGH ( 2 * _no + ( 7 ) )
                 	__POINTW1FN _no,7
0000e9 91e4      	LPM  R30,Z
0000ea 93e0 0062 	STS  98,R30
                 ; 0000 009F                                     #asm ("sei")
0000ec 9478      	sei
                 _0x17:
                 ; 0000 00A0 }
0000ed 91f9      	LD   R31,Y+
0000ee 91e9      	LD   R30,Y+
0000ef 9518      	RETI
                 ; .FEND
                 ;void main(void)
                 ; 0000 00A2 {
                 _main:
                 ; .FSTART _main
                 ; 0000 00A3 // Declare your local variables here
                 ; 0000 00A4 
                 ; 0000 00A5 {// Input/Output Ports initialization
                 ; 0000 00A6 // Port A initialization
                 ; 0000 00A7 // Function: Bit7=Out Bit6=Out Bit5=Out Bit4=Out Bit3=Out Bit2=Out Bit1=Out Bit0=Out
                 ; 0000 00A8 DDRA=(1<<DDA7) | (1<<DDA6) | (1<<DDA5) | (1<<DDA4) | (1<<DDA3) | (1<<DDA2) | (1<<DDA1) | (1<<DDA0);
0000f0 efef      	LDI  R30,LOW(255)
0000f1 bbea      	OUT  0x1A,R30
                 ; 0000 00A9 // State: Bit7=0 Bit6=0 Bit5=0 Bit4=0 Bit3=0 Bit2=0 Bit1=0 Bit0=0
                 ; 0000 00AA PORTA=(0<<PORTA7) | (0<<PORTA6) | (0<<PORTA5) | (0<<PORTA4) | (0<<PORTA3) | (0<<PORTA2) | (0<<PORTA1) | (0<<PORTA0);
0000f2 e0e0      	LDI  R30,LOW(0)
0000f3 bbeb      	OUT  0x1B,R30
                 ; 0000 00AB 
                 ; 0000 00AC // Port B initialization
                 ; 0000 00AD // Function: Bit7=Out Bit6=Out Bit5=Out Bit4=Out Bit3=Out Bit2=Out Bit1=Out Bit0=Out
                 ; 0000 00AE DDRB=(1<<DDB7) | (1<<DDB6) | (1<<DDB5) | (1<<DDB4) | (1<<DDB3) | (1<<DDB2) | (1<<DDB1) | (1<<DDB0);
0000f4 efef      	LDI  R30,LOW(255)
0000f5 bbe7      	OUT  0x17,R30
                 ; 0000 00AF // State: Bit7=0 Bit6=0 Bit5=0 Bit4=0 Bit3=0 Bit2=0 Bit1=0 Bit0=0
                 ; 0000 00B0 PORTB=(0<<PORTB7) | (0<<PORTB6) | (0<<PORTB5) | (0<<PORTB4) | (0<<PORTB3) | (0<<PORTB2) | (0<<PORTB1) | (0<<PORTB0);
0000f6 e0e0      	LDI  R30,LOW(0)
0000f7 bbe8      	OUT  0x18,R30
                 ; 0000 00B1 
                 ; 0000 00B2 // Port C initialization
                 ; 0000 00B3 // Function: Bit7=Out Bit6=Out Bit5=Out Bit4=Out Bit3=Out Bit2=Out Bit1=Out Bit0=Out
                 ; 0000 00B4 DDRC=(1<<DDC7) | (1<<DDC6) | (1<<DDC5) | (1<<DDC4) | (1<<DDC3) | (1<<DDC2) | (1<<DDC1) | (1<<DDC0);
0000f8 efef      	LDI  R30,LOW(255)
0000f9 bbe4      	OUT  0x14,R30
                 ; 0000 00B5 // State: Bit7=0 Bit6=0 Bit5=0 Bit4=0 Bit3=0 Bit2=0 Bit1=0 Bit0=0
                 ; 0000 00B6 PORTC=(0<<PORTC7) | (0<<PORTC6) | (0<<PORTC5) | (0<<PORTC4) | (0<<PORTC3) | (0<<PORTC2) | (0<<PORTC1) | (0<<PORTC0);
0000fa e0e0      	LDI  R30,LOW(0)
0000fb bbe5      	OUT  0x15,R30
                 ; 0000 00B7 
                 ; 0000 00B8 // Port D initialization
                 ; 0000 00B9 // Function: Bit7=In Bit6=In Bit5=In Bit4=In Bit3=In Bit2=In Bit1=In Bit0=In
                 ; 0000 00BA DDRD=(0<<DDD7) | (0<<DDD6) | (0<<DDD5) | (0<<DDD4) | (0<<DDD3) | (0<<DDD2) | (0<<DDD1) | (0<<DDD0);
0000fc bbe1      	OUT  0x11,R30
                 ; 0000 00BB // State: Bit7=T Bit6=T Bit5=T Bit4=T Bit3=P Bit2=P Bit1=P Bit0=P
                 ; 0000 00BC PORTD=(0<<PORTD7) | (0<<PORTD6) | (0<<PORTD5) | (0<<PORTD4) | (1<<PORTD3) | (1<<PORTD2) | (1<<PORTD1) | (1<<PORTD0);
0000fd e0ef      	LDI  R30,LOW(15)
0000fe bbe2      	OUT  0x12,R30
                 ; 0000 00BD 
                 ; 0000 00BE // Port E initialization
                 ; 0000 00BF // Function: Bit7=In Bit6=In Bit5=In Bit4=In Bit3=In Bit2=Out Bit1=Out Bit0=Out
                 ; 0000 00C0 DDRE=(0<<DDE7) | (0<<DDE6) | (0<<DDE5) | (0<<DDE4) | (0<<DDE3) | (1<<DDE2) | (1<<DDE1) | (1<<DDE0);
0000ff e0e7      	LDI  R30,LOW(7)
000100 b9e2      	OUT  0x2,R30
                 ; 0000 00C1 // State: Bit7=P Bit6=P Bit5=P Bit4=P Bit3=T Bit2=0 Bit1=0 Bit0=0
                 ; 0000 00C2 PORTE=(1<<PORTE7) | (1<<PORTE6) | (1<<PORTE5) | (1<<PORTE4) | (0<<PORTE3) | (0<<PORTE2) | (0<<PORTE1) | (0<<PORTE0);
000101 efe0      	LDI  R30,LOW(240)
000102 b9e3      	OUT  0x3,R30
                 ; 0000 00C3 
                 ; 0000 00C4 // Port F initialization
                 ; 0000 00C5 // Function: Bit7=Out Bit6=Out Bit5=Out Bit4=Out Bit3=Out Bit2=Out Bit1=Out Bit0=Out
                 ; 0000 00C6 DDRF=(1<<DDF7) | (1<<DDF6) | (1<<DDF5) | (1<<DDF4) | (1<<DDF3) | (1<<DDF2) | (1<<DDF1) | (1<<DDF0);
000103 efef      	LDI  R30,LOW(255)
000104 93e0 0061 	STS  97,R30
                 ; 0000 00C7 // State: Bit7=0 Bit6=0 Bit5=0 Bit4=0 Bit3=0 Bit2=0 Bit1=0 Bit0=0
                 ; 0000 00C8 PORTF=(0<<PORTF7) | (0<<PORTF6) | (0<<PORTF5) | (0<<PORTF4) | (0<<PORTF3) | (0<<PORTF2) | (0<<PORTF1) | (0<<PORTF0);
000106 e0e0      	LDI  R30,LOW(0)
000107 93e0 0062 	STS  98,R30
                 ; 0000 00C9 
                 ; 0000 00CA // Port G initialization
                 ; 0000 00CB // Function: Bit4=Out Bit3=Out Bit2=Out Bit1=Out Bit0=Out
                 ; 0000 00CC DDRG=(1<<DDG4) | (1<<DDG3) | (1<<DDG2) | (1<<DDG1) | (1<<DDG0);
000109 e1ef      	LDI  R30,LOW(31)
00010a 93e0 0064 	STS  100,R30
                 ; 0000 00CD // State: Bit4=0 Bit3=0 Bit2=0 Bit1=0 Bit0=0
                 ; 0000 00CE PORTG=(0<<PORTG4) | (0<<PORTG3) | (0<<PORTG2) | (0<<PORTG1) | (0<<PORTG0);
00010c e0e0      	LDI  R30,LOW(0)
00010d 93e0 0065 	STS  101,R30
                 ; 0000 00CF 
                 ; 0000 00D0 // Timer/Counter 0 initialization
                 ; 0000 00D1 // Clock source: System Clock
                 ; 0000 00D2 // Clock value: 125.000 kHz
                 ; 0000 00D3 // Mode: Normal top=0xFF
                 ; 0000 00D4 // OC0 output: Disconnected
                 ; 0000 00D5 // Timer Period: 2.048 ms
                 ; 0000 00D6 ASSR=0<<AS0;
00010f bfe0      	OUT  0x30,R30
                 ; 0000 00D7 TCCR0=(0<<WGM00) | (0<<COM01) | (0<<COM00) | (0<<WGM01) | (1<<CS02) | (0<<CS01) | (0<<CS00);
000110 e0e4      	LDI  R30,LOW(4)
000111 bfe3      	OUT  0x33,R30
                 ; 0000 00D8 TCNT0=0x00;
000112 e0e0      	LDI  R30,LOW(0)
000113 bfe2      	OUT  0x32,R30
                 ; 0000 00D9 OCR0=0x00;
000114 bfe1      	OUT  0x31,R30
                 ; 0000 00DA 
                 ; 0000 00DB // Timer/Counter 1 initialization
                 ; 0000 00DC // Clock source: System Clock
                 ; 0000 00DD // Clock value: Timer1 Stopped
                 ; 0000 00DE // Mode: Normal top=0xFFFF
                 ; 0000 00DF // OC1A output: Disconnected
                 ; 0000 00E0 // OC1B output: Disconnected
                 ; 0000 00E1 // OC1C output: Disconnected
                 ; 0000 00E2 // Noise Canceler: Off
                 ; 0000 00E3 // Input Capture on Falling Edge
                 ; 0000 00E4 // Timer1 Overflow Interrupt: Off
                 ; 0000 00E5 // Input Capture Interrupt: Off
                 ; 0000 00E6 // Compare A Match Interrupt: Off
                 ; 0000 00E7 // Compare B Match Interrupt: Off
                 ; 0000 00E8 // Compare C Match Interrupt: Off
                 ; 0000 00E9 TCCR1A=(0<<COM1A1) | (0<<COM1A0) | (0<<COM1B1) | (0<<COM1B0) | (0<<COM1C1) | (0<<COM1C0) | (0<<WGM11) | (0<<WGM10);
000115 bdef      	OUT  0x2F,R30
                 ; 0000 00EA TCCR1B=(0<<ICNC1) | (0<<ICES1) | (0<<WGM13) | (0<<WGM12) | (0<<CS12) | (0<<CS11) | (0<<CS10);
000116 bdee      	OUT  0x2E,R30
                 ; 0000 00EB TCNT1H=0x00;
000117 bded      	OUT  0x2D,R30
                 ; 0000 00EC TCNT1L=0x00;
000118 bdec      	OUT  0x2C,R30
                 ; 0000 00ED ICR1H=0x00;
000119 bde7      	OUT  0x27,R30
                 ; 0000 00EE ICR1L=0x00;
00011a bde6      	OUT  0x26,R30
                 ; 0000 00EF OCR1AH=0x00;
00011b bdeb      	OUT  0x2B,R30
                 ; 0000 00F0 OCR1AL=0x00;
00011c bdea      	OUT  0x2A,R30
                 ; 0000 00F1 OCR1BH=0x00;
00011d bde9      	OUT  0x29,R30
                 ; 0000 00F2 OCR1BL=0x00;
00011e bde8      	OUT  0x28,R30
                 ; 0000 00F3 OCR1CH=0x00;
00011f 93e0 0079 	STS  121,R30
                 ; 0000 00F4 OCR1CL=0x00;
000121 93e0 0078 	STS  120,R30
                 ; 0000 00F5 
                 ; 0000 00F6 // Timer/Counter 2 initialization
                 ; 0000 00F7 // Clock source: System Clock
                 ; 0000 00F8 // Clock value: Timer2 Stopped
                 ; 0000 00F9 // Mode: Normal top=0xFF
                 ; 0000 00FA // OC2 output: Disconnected
                 ; 0000 00FB TCCR2=(0<<WGM20) | (0<<COM21) | (0<<COM20) | (0<<WGM21) | (0<<CS22) | (0<<CS21) | (0<<CS20);
000123 bde5      	OUT  0x25,R30
                 ; 0000 00FC TCNT2=0x00;
000124 bde4      	OUT  0x24,R30
                 ; 0000 00FD OCR2=0x00;
000125 bde3      	OUT  0x23,R30
                 ; 0000 00FE 
                 ; 0000 00FF // Timer/Counter 3 initialization
                 ; 0000 0100 // Clock source: System Clock
                 ; 0000 0101 // Clock value: Timer3 Stopped
                 ; 0000 0102 // Mode: Normal top=0xFFFF
                 ; 0000 0103 // OC3A output: Disconnected
                 ; 0000 0104 // OC3B output: Disconnected
                 ; 0000 0105 // OC3C output: Disconnected
                 ; 0000 0106 // Noise Canceler: Off
                 ; 0000 0107 // Input Capture on Falling Edge
                 ; 0000 0108 // Timer3 Overflow Interrupt: Off
                 ; 0000 0109 // Input Capture Interrupt: Off
                 ; 0000 010A // Compare A Match Interrupt: Off
                 ; 0000 010B // Compare B Match Interrupt: Off
                 ; 0000 010C // Compare C Match Interrupt: Off
                 ; 0000 010D TCCR3A=(0<<COM3A1) | (0<<COM3A0) | (0<<COM3B1) | (0<<COM3B0) | (0<<COM3C1) | (0<<COM3C0) | (0<<WGM31) | (0<<WGM30);
000126 93e0 008b 	STS  139,R30
                 ; 0000 010E TCCR3B=(0<<ICNC3) | (0<<ICES3) | (0<<WGM33) | (0<<WGM32) | (0<<CS32) | (0<<CS31) | (0<<CS30);
000128 93e0 008a 	STS  138,R30
                 ; 0000 010F TCNT3H=0x00;
00012a 93e0 0089 	STS  137,R30
                 ; 0000 0110 TCNT3L=0x00;
00012c 93e0 0088 	STS  136,R30
                 ; 0000 0111 ICR3H=0x00;
00012e 93e0 0081 	STS  129,R30
                 ; 0000 0112 ICR3L=0x00;
000130 93e0 0080 	STS  128,R30
                 ; 0000 0113 OCR3AH=0x00;
000132 93e0 0087 	STS  135,R30
                 ; 0000 0114 OCR3AL=0x00;
000134 93e0 0086 	STS  134,R30
                 ; 0000 0115 OCR3BH=0x00;
000136 93e0 0085 	STS  133,R30
                 ; 0000 0116 OCR3BL=0x00;
000138 93e0 0084 	STS  132,R30
                 ; 0000 0117 OCR3CH=0x00;
00013a 93e0 0083 	STS  131,R30
                 ; 0000 0118 OCR3CL=0x00;
00013c 93e0 0082 	STS  130,R30
                 ; 0000 0119 
                 ; 0000 011A // Timer(s)/Counter(s) Interrupt(s) initialization
                 ; 0000 011B TIMSK=(0<<OCIE2) | (0<<TOIE2) | (0<<TICIE1) | (0<<OCIE1A) | (0<<OCIE1B) | (0<<TOIE1) | (0<<OCIE0) | (1<<TOIE0);
00013e e0e1      	LDI  R30,LOW(1)
00013f bfe7      	OUT  0x37,R30
                 ; 0000 011C ETIMSK=(0<<TICIE3) | (0<<OCIE3A) | (0<<OCIE3B) | (0<<TOIE3) | (0<<OCIE3C) | (0<<OCIE1C);
000140 e0e0      	LDI  R30,LOW(0)
000141 93e0 007d 	STS  125,R30
                 ; 0000 011D 
                 ; 0000 011E 
                 ; 0000 011F // External Interrupt(s) initialization
                 ; 0000 0120 // INT0: On
                 ; 0000 0121 // INT0 Mode: Falling Edge
                 ; 0000 0122 // INT1: On
                 ; 0000 0123 // INT1 Mode: Falling Edge
                 ; 0000 0124 // INT2: On
                 ; 0000 0125 // INT2 Mode: Falling Edge
                 ; 0000 0126 // INT3: On
                 ; 0000 0127 // INT3 Mode: Falling Edge
                 ; 0000 0128 // INT4: On
                 ; 0000 0129 // INT4 Mode: Falling Edge
                 ; 0000 012A // INT5: On
                 ; 0000 012B // INT5 Mode: Falling Edge
                 ; 0000 012C // INT6: On
                 ; 0000 012D // INT6 Mode: Falling Edge
                 ; 0000 012E // INT7: On
                 ; 0000 012F // INT7 Mode: Falling Edge
                 ; 0000 0130 EICRA=(1<<ISC31) | (0<<ISC30) | (1<<ISC21) | (0<<ISC20) | (1<<ISC11) | (0<<ISC10) | (1<<ISC01) | (0<<ISC00);
000143 eaea      	LDI  R30,LOW(170)
000144 93e0 006a 	STS  106,R30
                 ; 0000 0131 EICRB=(1<<ISC71) | (0<<ISC70) | (1<<ISC61) | (0<<ISC60) | (1<<ISC51) | (0<<ISC50) | (1<<ISC41) | (0<<ISC40);
000146 bfea      	OUT  0x3A,R30
                 ; 0000 0132 EIMSK=(1<<INT7) | (1<<INT6) | (1<<INT5) | (1<<INT4) | (1<<INT3) | (1<<INT2) | (1<<INT1) | (1<<INT0);
000147 efef      	LDI  R30,LOW(255)
000148 bfe9      	OUT  0x39,R30
                 ; 0000 0133 EIFR=(1<<INTF7) | (1<<INTF6) | (1<<INTF5) | (1<<INTF4) | (1<<INTF3) | (1<<INTF2) | (1<<INTF1) | (1<<INTF0);
000149 bfe8      	OUT  0x38,R30
                 ; 0000 0134 // USART0 initialization
                 ; 0000 0135 // USART0 disabled
                 ; 0000 0136 UCSR0B=(0<<RXCIE0) | (0<<TXCIE0) | (0<<UDRIE0) | (0<<RXEN0) | (0<<TXEN0) | (0<<UCSZ02) | (0<<RXB80) | (0<<TXB80);
00014a e0e0      	LDI  R30,LOW(0)
00014b b9ea      	OUT  0xA,R30
                 ; 0000 0137 
                 ; 0000 0138 // USART1 initialization
                 ; 0000 0139 // USART1 disabled
                 ; 0000 013A UCSR1B=(0<<RXCIE1) | (0<<TXCIE1) | (0<<UDRIE1) | (0<<RXEN1) | (0<<TXEN1) | (0<<UCSZ12) | (0<<RXB81) | (0<<TXB81);
00014c 93e0 009a 	STS  154,R30
                 ; 0000 013B 
                 ; 0000 013C // Analog Comparator initialization
                 ; 0000 013D // Analog Comparator: Off
                 ; 0000 013E // The Analog Comparator's positive input is
                 ; 0000 013F // connected to the AIN0 pin
                 ; 0000 0140 // The Analog Comparator's negative input is
                 ; 0000 0141 // connected to the AIN1 pin
                 ; 0000 0142 ACSR=(1<<ACD) | (0<<ACBG) | (0<<ACO) | (0<<ACI) | (0<<ACIE) | (0<<ACIC) | (0<<ACIS1) | (0<<ACIS0);
00014e e8e0      	LDI  R30,LOW(128)
00014f b9e8      	OUT  0x8,R30
                 ; 0000 0143 SFIOR=(0<<ACME);
000150 e0e0      	LDI  R30,LOW(0)
000151 bde0      	OUT  0x20,R30
                 ; 0000 0144 
                 ; 0000 0145 // ADC initialization
                 ; 0000 0146 // ADC disabled
                 ; 0000 0147 ADCSRA=(0<<ADEN) | (0<<ADSC) | (0<<ADFR) | (0<<ADIF) | (0<<ADIE) | (0<<ADPS2) | (0<<ADPS1) | (0<<ADPS0);
000152 b9e6      	OUT  0x6,R30
                 ; 0000 0148 
                 ; 0000 0149 // SPI initialization
                 ; 0000 014A // SPI disabled
                 ; 0000 014B SPCR=(0<<SPIE) | (0<<SPE) | (0<<DORD) | (0<<MSTR) | (0<<CPOL) | (0<<CPHA) | (0<<SPR1) | (0<<SPR0);
000153 b9ed      	OUT  0xD,R30
                 ; 0000 014C 
                 ; 0000 014D // TWI initialization
                 ; 0000 014E // TWI disabled
                 ; 0000 014F TWCR=(0<<TWEA) | (0<<TWSTA) | (0<<TWSTO) | (0<<TWEN) | (0<<TWIE);
000154 93e0 0074 	STS  116,R30
                 ; 0000 0150  }
                 ; 0000 0151 // Global enable interrupts
                 ; 0000 0152 #asm("sei")
000156 9478      	sei
                 ; 0000 0153           PORTB.0 = 1;
000157 9ac0      	SBI  0x18,0
                 ; 0000 0154                   PORTB.2 = 1;
000158 9ac2      	SBI  0x18,2
                 ; 0000 0155                   delay_ms(1000);
000159 eea8      	LDI  R26,LOW(1000)
00015a e0b3      	LDI  R27,HIGH(1000)
00015b 940e 016b 	CALL _delay_ms
                 ; 0000 0156                   PORTB.0 = 0;
00015d 98c0      	CBI  0x18,0
                 ; 0000 0157                   PORTB.2 = 0;
00015e 98c2      	CBI  0x18,2
                 ; 0000 0158                   delay_ms(1000);
00015f eea8      	LDI  R26,LOW(1000)
000160 e0b3      	LDI  R27,HIGH(1000)
000161 940e 016b 	CALL _delay_ms
                 ; 0000 0159 while (1)
                 _0x12:
                 ; 0000 015A       {
                 ; 0000 015B       // Place your code here
                 ; 0000 015C 
                 ; 0000 015D                  //PORTG|=(1<<4);
                 ; 0000 015E                  //PORTG|=(1<<3);
                 ; 0000 015F                 // PORTF = no[0];
                 ; 0000 0160                 // for (i=0;i<10;i++)
                 ; 0000 0161                 //{
                 ; 0000 0162                 //PORTF = no[i];
                 ; 0000 0163                 //delay_ms(800);
                 ; 0000 0164                  //}
                 ; 0000 0165 
                 ; 0000 0166                //  PORTG&=~(1<<0)  ;
                 ; 0000 0167       }
000163 cfff      	RJMP _0x12
                 ; 0000 0168 
                 ; 0000 0169 }
                 _0x15:
000164 cfff      	RJMP _0x15
                 ; .FEND
                 ;//void Display (int no);
                 
                 	.CSEG
                 ;OPTIMIZER ADDED SUBROUTINE, CALLED 4 TIMES, CODE SIZE REDUCTION:6 WORDS
                 SUBOPT_0x0:
000165 e0e0      	LDI  R30,LOW(0)
000166 93e0 0065 	STS  101,R30
000168 91e0 0065 	LDS  R30,101
00016a 9508      	RET
                 
                 
                 	.CSEG
                 _delay_ms:
00016b 9610      	adiw r26,0
00016c f039      	breq __delay_ms1
                 __delay_ms0:
                +
00016d ed80     +LDI R24 , LOW ( 0x7D0 )
00016e e097     +LDI R25 , HIGH ( 0x7D0 )
                +__DELAY_USW_LOOP :
00016f 9701     +SBIW R24 , 1
000170 f7f1     +BRNE __DELAY_USW_LOOP
                 	__DELAY_USW 0x7D0
000171 95a8      	wdr
000172 9711      	sbiw r26,1
000173 f7c9      	brne __delay_ms0
                 __delay_ms1:
000174 9508      	ret
                 
                 __ANEGW1:
000175 95f1      	NEG  R31
000176 95e1      	NEG  R30
000177 40f0      	SBCI R31,0
000178 9508      	RET
                 
                 __MANDW12:
000179 94e8      	CLT
00017a fff7      	SBRS R31,7
00017b c002      	RJMP __MANDW121
00017c dff8      	RCALL __ANEGW1
00017d 9468      	SET
                 __MANDW121:
00017e 23ea      	AND  R30,R26
00017f 23fb      	AND  R31,R27
000180 f40e      	BRTC __MANDW122
000181 dff3      	RCALL __ANEGW1
                 __MANDW122:
000182 9508      	RET
                 
                 ;END OF CODE MARKER
                 __END_OF_CODE:


RESOURCE USE INFORMATION
------------------------

Notice:
The register and instruction counts are symbol table hit counts,
and hence implicitly used resources are not counted, eg, the
'lpm' instruction without operands implicitly uses r0 and z,
none of which are counted.

x,y,z are separate entities in the symbol table and are
counted separately from r26..r31 here.

.dseg memory usage only counts static data declared with .byte

ATmega64A register use summary:
r0 :   4 r1 :   1 r2 :   0 r3 :   0 r4 :   0 r5 :   0 r6 :   2 r7 :   0 
r8 :   0 r9 :   1 r10:   0 r11:   0 r12:   0 r13:   0 r14:   0 r15:   0 
r16:   0 r17:   0 r18:   0 r19:   0 r20:   0 r21:   0 r22:   2 r23:   0 
r24:   9 r25:   3 r26:  17 r27:   9 r28:   1 r29:   1 r30: 139 r31:  24 
x  :   3 y  :  22 z  :  12 
Registers used: 16 out of 35 (45.7%)

ATmega64A instruction use summary:
.lds  :   0 .lds.l:   0 .sts  :   0 .sts.l:   0 adc   :   0 add   :   0 
adiw  :   2 and   :   2 andi  :   0 asr   :   0 bclr  :   0 bld   :   0 
brbc  :   0 brbs  :   0 brcc  :   0 brcs  :   0 break :   0 breq  :   2 
brge  :   0 brhc  :   0 brhs  :   0 brid  :   0 brie  :   0 brlo  :   0 
brlt  :   0 brmi  :   0 brne  :   9 brpl  :   0 brsh  :   0 brtc  :   1 
brts  :   0 brvc  :   0 brvs  :   0 bset  :   0 bst   :   0 call  :   3 
cbi   :   2 cbr   :   0 clc   :   0 clh   :   0 cli   :  10 cln   :   0 
clr   :   2 cls   :   0 clt   :   1 clv   :   0 clz   :   0 com   :   0 
cp    :   0 cpc   :   3 cpi   :   3 cpse  :   0 dec   :   1 des   :   0 
eor   :   0 fmul  :   0 fmuls :   0 fmulsu:   0 icall :   0 ijmp  :   0 
in    :   1 inc   :   0 jmp   :  36 ld    :   7 ldd   :   0 ldi   :  58 
lds   :   1 lpm   :  17 lsl   :   0 lsr   :   0 mov   :   1 movw  :   5 
mul   :   0 muls  :   0 mulsu :   0 neg   :   2 nop   :   0 or    :   0 
ori   :   4 out   :  42 pop   :   0 push  :   0 rcall :   6 ret   :   4 
reti  :   5 rjmp  :  11 rol   :   0 ror   :   0 sbc   :   0 sbci  :   1 
sbi   :   2 sbic  :   0 sbis  :   0 sbiw  :   6 sbr   :   0 sbrc  :   0 
sbrs  :   1 sec   :   0 seh   :   0 sei   :  10 sen   :   0 ser   :   0 
ses   :   0 set   :   1 sev   :   0 sez   :   0 sleep :   0 spm   :   0 
st    :  18 std   :   0 sts   :  30 sub   :   0 subi  :   0 swap  :   0 
tst   :   0 wdr   :   1 
Instructions used: 37 out of 116 (31.9%)

ATmega64A memory use summary [bytes]:
Segment   Begin    End      Code   Data   Used    Size   Use%
---------------------------------------------------------------
[.cseg] 0x000000 0x000306    752     22    774   65536   1.2%
[.dseg] 0x000100 0x000500      0      0      0    4096   0.0%
[.eseg] 0x000000 0x000000      0      0      0    2048   0.0%

Assembly complete, 0 errors, 5 warnings
